time=2026-09-23T14:35:56.072+03:00 level=INFO msg="azbot attaching" pid=14760
time=2026-09-23T14:36:00.540+03:00 level=INFO msg="aim calibration loaded" kx=1.1125320679211068 ky=1.1293540875695656 ox=2.951161121414657 oy=-27.490030603728087
time=2026-09-23T14:36:00.541+03:00 level=INFO msg="world scale" scale=1.25 client=1536x840 dpi=1.25
time=2026-09-23T14:36:00.630+03:00 level=INFO msg="attach report" verdict="position=true stats=true uibytes=true mode=true"
time=2026-09-23T14:36:04.973+03:00 level=INFO msg="sentinel live" killswitch=f10 drinkAt=60
time=2026-09-23T14:36:04.974+03:00 level=INFO msg=director goal=campaign
time=2026-09-23T14:36:09.160+03:00 level=INFO msg="map data fetched" seed=466817790 areas=136
time=2026-09-23T14:36:09.459+03:00 level=INFO msg="capability: proven binding" key=f1 skill=220 skill_name="Book of Townportal"
time=2026-09-23T14:36:09.672+03:00 level=INFO msg="capability: proven binding" key=f2 skill=218 skill_name="Book of Identify"
time=2026-09-23T14:36:09.861+03:00 level=INFO msg="capability: proven binding" key=f3 skill=133 skill_name="Double Swing"
time=2026-09-23T14:36:10.059+03:00 level=INFO msg="capability: key selected nothing (unbound or unusable)" key=f4
time=2026-09-23T14:36:10.249+03:00 level=INFO msg="capability: proven binding" key=f5 skill=143 skill_name="Leap Attack"
time=2026-09-23T14:36:10.420+03:00 level=INFO msg="capability: key selected nothing (unbound or unusable)" key=f6
time=2026-09-23T14:36:10.584+03:00 level=INFO msg="capability: key selected nothing (unbound or unusable)" key=f7
time=2026-09-23T14:36:10.784+03:00 level=INFO msg="capability: key selected nothing (unbound or unusable)" key=f8
time=2026-09-23T14:36:10.785+03:00 level=INFO msg="capability: combat binding" skill=143 skill_name="Leap Attack" key=116
time=2026-09-23T14:36:10.867+03:00 level=INFO msg="campaign itinerary selected" act=2 startArea=42 legs=24
time=2026-09-23T14:36:10.869+03:00 level=INFO msg="flight recorder live" path=logs/flight_1790163370.jsonl
time=2026-09-23T14:36:10.871+03:00 level=INFO msg="executive: game unfocused — playing on (posted input, your windows untouched)"
time=2026-09-23T14:36:10.923+03:00 level=INFO msg="executive: grid re-aligned" area=42
time=2026-09-23T14:36:10.925+03:00 level=INFO msg="executive: self-model event — recalibrating" armed=true revived=false
time=2026-09-23T14:36:11.135+03:00 level=INFO msg="capability: proven binding" key=f1 skill=220 skill_name="Book of Townportal"
time=2026-09-23T14:36:11.338+03:00 level=INFO msg="capability: proven binding" key=f2 skill=218 skill_name="Book of Identify"
time=2026-09-23T14:36:11.557+03:00 level=INFO msg="capability: proven binding" key=f3 skill=133 skill_name="Double Swing"
time=2026-09-23T14:36:11.741+03:00 level=INFO msg="capability: key selected nothing (unbound or unusable)" key=f4
time=2026-09-23T14:36:11.914+03:00 level=INFO msg="capability: proven binding" key=f5 skill=143 skill_name="Leap Attack"
time=2026-09-23T14:36:12.084+03:00 level=INFO msg="capability: key selected nothing (unbound or unusable)" key=f6
time=2026-09-23T14:36:12.278+03:00 level=INFO msg="capability: key selected nothing (unbound or unusable)" key=f7
time=2026-09-23T14:36:12.450+03:00 level=INFO msg="capability: key selected nothing (unbound or unusable)" key=f8
time=2026-09-23T14:36:12.452+03:00 level=INFO msg="capability: combat binding" skill=143 skill_name="Leap Attack" key=116
time=2026-09-23T14:36:12.548+03:00 level=INFO msg=grant to=loot class=loot urgency=0.79
time=2026-09-23T14:36:12.876+03:00 level=INFO msg=status pos=(5589,4709) area=42 hp=122 mp=247 maxmana=34 lvl=25 gold=72036 weapon=melee arrows=-1 holder=loot
time=2026-09-23T14:36:17.710+03:00 level=INFO msg=outcome verb=loot holder=loot tgt="" result=blocked ev="no progress to item 3807 in 4s (stuck at d=6) — banned 60s"
time=2026-09-23T14:36:18.194+03:00 level=INFO msg=outcome verb=stride holder=loot tgt=(5601,4708) result=blocked ev="from=(5599,4715) to=(5599,4715) gain=0"
time=2026-09-23T14:36:18.578+03:00 level=INFO msg=outcome verb=stride holder=loot tgt=(5601,4708) result=blocked ev="from=(5599,4715) to=(5599,4715) gain=0"
time=2026-09-23T14:36:18.956+03:00 level=INFO msg=outcome verb=stride holder=loot tgt=(5601,4708) result=blocked ev="from=(5599,4715) to=(5599,4715) gain=0"
time=2026-09-23T14:36:19.362+03:00 level=INFO msg=outcome verb=stride holder=loot tgt=(5601,4708) result=blocked ev="from=(5599,4715) to=(5599,4715) gain=0"
time=2026-09-23T14:36:19.753+03:00 level=INFO msg=outcome verb=stride holder=loot tgt=(5601,4708) result=blocked ev="from=(5599,4715) to=(5599,4715) gain=0"
time=2026-09-23T14:36:20.190+03:00 level=INFO msg=outcome verb=stride holder=loot tgt=(5601,4708) result=blocked ev="from=(5599,4715) to=(5599,4715) gain=0"
time=2026-09-23T14:36:20.588+03:00 level=INFO msg=outcome verb=stride holder=loot tgt=(5601,4708) result=blocked ev="from=(5599,4715) to=(5599,4715) gain=0"
time=2026-09-23T14:36:20.976+03:00 level=INFO msg=outcome verb=stride holder=loot tgt=(5601,4708) result=blocked ev="from=(5599,4715) to=(5599,4715) gain=0"
time=2026-09-23T14:36:21.356+03:00 level=INFO msg=outcome verb=stride holder=loot tgt=(5601,4708) result=blocked ev="from=(5599,4715) to=(5599,4715) gain=0"
time=2026-09-23T14:36:21.769+03:00 level=INFO msg=outcome verb=stride holder=loot tgt=(5601,4708) result=blocked ev="from=(5599,4715) to=(5599,4715) gain=0"
time=2026-09-23T14:36:21.781+03:00 level=INFO msg=outcome verb=loot holder=loot tgt="" result=blocked ev="no progress to item 3472 in 4s (stuck at d=7) — banned 60s"
time=2026-09-23T14:36:22.240+03:00 level=INFO msg=outcome verb=stride holder=loot tgt=(5607,4711) result=blocked ev="from=(5599,4715) to=(5599,4715) gain=0"
time=2026-09-23T14:36:22.667+03:00 level=INFO msg=outcome verb=stride holder=loot tgt=(5607,4711) result=blocked ev="from=(5599,4715) to=(5599,4715) gain=0"
time=2026-09-23T14:36:23.033+03:00 level=INFO msg=outcome verb=stride holder=loot tgt=(5607,4711) result=blocked ev="from=(5599,4715) to=(5599,4715) gain=0"
time=2026-09-23T14:36:23.035+03:00 level=INFO msg=status pos=(5599,4715) area=42 hp=122 mp=247 maxmana=34 lvl=25 gold=72036 weapon=melee arrows=-1 holder=loot
time=2026-09-23T14:36:23.422+03:00 level=INFO msg=outcome verb=stride holder=loot tgt=(5607,4711) result=blocked ev="from=(5599,4715) to=(5599,4715) gain=0"
time=2026-09-23T14:36:23.820+03:00 level=INFO msg=outcome verb=stride holder=loot tgt=(5607,4711) result=blocked ev="from=(5599,4715) to=(5599,4715) gain=0"
time=2026-09-23T14:36:24.212+03:00 level=INFO msg=outcome verb=stride holder=loot tgt=(5607,4711) result=blocked ev="from=(5599,4715) to=(5599,4715) gain=0"
time=2026-09-23T14:36:24.543+03:00 level=INFO msg=outcome verb=stride holder=loot tgt=(5607,4711) result=blocked ev="from=(5599,4715) to=(5599,4715) gain=0"
time=2026-09-23T14:36:24.933+03:00 level=INFO msg=outcome verb=stride holder=loot tgt=(5607,4711) result=blocked ev="from=(5599,4715) to=(5599,4715) gain=0"
time=2026-09-23T14:36:25.318+03:00 level=INFO msg=outcome verb=stride holder=loot tgt=(5607,4711) result=blocked ev="from=(5599,4715) to=(5599,4715) gain=0"
time=2026-09-23T14:36:25.788+03:00 level=INFO msg=outcome verb=stride holder=loot tgt=(5607,4711) result=blocked ev="from=(5599,4715) to=(5599,4715) gain=0"
time=2026-09-23T14:36:26.189+03:00 level=INFO msg=outcome verb=stride holder=loot tgt=(5607,4711) result=blocked ev="from=(5599,4715) to=(5599,4715) gain=0"
time=2026-09-23T14:36:26.193+03:00 level=INFO msg=outcome verb=loot holder=loot tgt="" result=blocked ev="no progress to item 3473 in 4s (stuck at d=8) — banned 60s"
time=2026-09-23T14:36:29.312+03:00 level=INFO msg=outcome verb=pickup holder=loot tgt="item=3709 type=602 qual=2" result=whiff ev="background positional pickup missed"
time=2026-09-23T14:36:32.474+03:00 level=INFO msg=outcome verb=pickup holder=loot tgt="item=3709 type=602 qual=2" result=whiff ev="background positional pickup missed"
time=2026-09-23T14:36:33.185+03:00 level=INFO msg=status pos=(5612,4712) area=42 hp=122 mp=247 maxmana=34 lvl=25 gold=72036 weapon=melee arrows=-1 holder=loot
time=2026-09-23T14:36:35.055+03:00 level=INFO msg=outcome verb=pickup holder=loot tgt="item=3709 type=602 qual=2" result=whiff ev="background positional pickup missed"
time=2026-09-23T14:36:38.424+03:00 level=INFO msg=outcome verb=pickup holder=loot tgt="item=3475 type=602 qual=2" result=whiff ev="background positional pickup missed"
time=2026-09-23T14:36:40.142+03:00 level=WARN msg=PATHOLOGY kind=orbit detail="holder=loot path=100 net=10 over 19s" cooling=loot for=6s
time=2026-09-23T14:36:42.466+03:00 level=INFO msg=grant to=imbibe class=loot urgency=0.45
time=2026-09-23T14:36:42.468+03:00 level=INFO msg=verdict activity=imbibe verdict=done
time=2026-09-23T14:36:42.473+03:00 level=INFO msg=grant to=advance class=travel urgency=0.40
time=2026-09-23T14:36:43.635+03:00 level=INFO msg=status pos=(5575,4714) area=42 hp=122 mp=247 maxmana=34 lvl=25 gold=72036 weapon=melee arrows=-1 holder=advance
time=2026-09-23T14:36:44.152+03:00 level=INFO msg=verdict activity=advance verdict=done
time=2026-09-23T14:36:44.185+03:00 level=INFO msg=grant to=advance class=travel urgency=0.40
time=2026-09-23T14:36:47.940+03:00 level=INFO msg=outcome verb=stride holder=advance tgt=(5625,4677) result=blocked ev="from=(5600,4702) to=(5600,4702) gain=0"
time=2026-09-23T14:36:47.949+03:00 level=INFO msg=grant to=loot class=loot urgency=0.83
time=2026-09-23T14:36:47.950+03:00 level=INFO msg=outcome verb=loot holder=loot tgt="" result=blocked ev="no progress to item 3475 in 4s (stuck at d=18) — banned 60s"
time=2026-09-23T14:36:50.534+03:00 level=INFO msg=outcome verb=pickup holder=loot tgt="item=3481 type=603 qual=2" result=whiff ev="background positional pickup missed"
time=2026-09-23T14:36:52.550+03:00 level=INFO msg=outcome verb=pickup holder=loot tgt="item=3481 type=603 qual=2" result=whiff ev="background positional pickup missed"
time=2026-09-23T14:36:54.293+03:00 level=INFO msg=outcome verb=pickup holder=loot tgt="item=3481 type=603 qual=2" result=whiff ev="background positional pickup missed"
time=2026-09-23T14:36:54.293+03:00 level=INFO msg=status pos=(5611,4709) area=42 hp=122 mp=247 maxmana=34 lvl=25 gold=72036 weapon=melee arrows=-1 holder=loot
time=2026-09-23T14:36:55.982+03:00 level=INFO msg=outcome verb=stride holder=loot tgt=(5620,4716) result=blocked ev="from=(5614,4716) to=(5614,4716) gain=0"
time=2026-09-23T14:36:56.246+03:00 level=INFO msg=outcome verb=stride holder=loot tgt=(5620,4716) result=blocked ev="from=(5614,4716) to=(5614,4716) gain=0"
time=2026-09-23T14:36:56.516+03:00 level=INFO msg=outcome verb=stride holder=loot tgt=(5620,4716) result=blocked ev="from=(5614,4716) to=(5614,4716) gain=0"
time=2026-09-23T14:36:56.787+03:00 level=INFO msg=outcome verb=stride holder=loot tgt=(5620,4716) result=blocked ev="from=(5614,4716) to=(5614,4716) gain=0"
time=2026-09-23T14:36:57.042+03:00 level=INFO msg=outcome verb=stride holder=loot tgt=(5620,4716) result=blocked ev="from=(5614,4716) to=(5614,4716) gain=0"
time=2026-09-23T14:36:57.310+03:00 level=INFO msg=outcome verb=stride holder=loot tgt=(5620,4716) result=blocked ev="from=(5614,4716) to=(5614,4716) gain=0"
time=2026-09-23T14:36:57.580+03:00 level=INFO msg=outcome verb=stride holder=loot tgt=(5620,4716) result=blocked ev="from=(5614,4716) to=(5614,4716) gain=0"
time=2026-09-23T14:36:57.845+03:00 level=INFO msg=outcome verb=stride holder=loot tgt=(5620,4716) result=blocked ev="from=(5614,4716) to=(5614,4716) gain=0"
time=2026-09-23T14:36:58.108+03:00 level=INFO msg=outcome verb=stride holder=loot tgt=(5620,4716) result=blocked ev="from=(5614,4716) to=(5614,4716) gain=0"
time=2026-09-23T14:36:58.368+03:00 level=INFO msg=outcome verb=stride holder=loot tgt=(5620,4716) result=blocked ev="from=(5614,4716) to=(5614,4716) gain=0"
time=2026-09-23T14:36:58.627+03:00 level=INFO msg=outcome verb=stride holder=loot tgt=(5620,4716) result=blocked ev="from=(5614,4716) to=(5614,4716) gain=0"
time=2026-09-23T14:36:58.881+03:00 level=INFO msg=outcome verb=stride holder=loot tgt=(5620,4716) result=blocked ev="from=(5614,4716) to=(5614,4716) gain=0"
time=2026-09-23T14:36:59.201+03:00 level=INFO msg=outcome verb=stride holder=loot tgt=(5620,4716) result=blocked ev="from=(5614,4716) to=(5614,4716) gain=0"
time=2026-09-23T14:36:59.465+03:00 level=INFO msg=outcome verb=stride holder=loot tgt=(5620,4716) result=blocked ev="from=(5614,4716) to=(5614,4716) gain=0"
time=2026-09-23T14:36:59.727+03:00 level=INFO msg=outcome verb=stride holder=loot tgt=(5620,4716) result=blocked ev="from=(5614,4716) to=(5614,4716) gain=0"
time=2026-09-23T14:36:59.734+03:00 level=INFO msg=outcome verb=loot holder=loot tgt="" result=blocked ev="no progress to item 3496 in 4s (stuck at d=11) — banned 60s"
time=2026-09-23T14:37:01.140+03:00 level=INFO msg=outcome verb=pickup holder=loot tgt="item=3478 type=603 qual=2" result=whiff ev="background positional pickup missed"
time=2026-09-23T14:37:02.945+03:00 level=INFO msg=outcome verb=pickup holder=loot tgt="item=3478 type=603 qual=2" result=whiff ev="background positional pickup missed"
time=2026-09-23T14:37:04.717+03:00 level=INFO msg=outcome verb=pickup holder=loot tgt="item=3478 type=603 qual=2" result=whiff ev="background positional pickup missed"
time=2026-09-23T14:37:04.717+03:00 level=INFO msg=status pos=(5617,4715) area=42 hp=122 mp=247 maxmana=34 lvl=25 gold=72036 weapon=melee arrows=-1 holder=loot
time=2026-09-23T14:37:05.010+03:00 level=INFO msg=outcome verb=stride holder=loot tgt=(5623,4716) result=blocked ev="from=(5620,4715) to=(5620,4715) gain=0"
time=2026-09-23T14:37:05.275+03:00 level=INFO msg=outcome verb=stride holder=loot tgt=(5623,4716) result=blocked ev="from=(5620,4715) to=(5620,4715) gain=0"
time=2026-09-23T14:37:05.570+03:00 level=INFO msg=outcome verb=stride holder=loot tgt=(5623,4716) result=blocked ev="from=(5620,4715) to=(5620,4715) gain=0"
time=2026-09-23T14:37:05.839+03:00 level=INFO msg=outcome verb=stride holder=loot tgt=(5623,4716) result=blocked ev="from=(5620,4715) to=(5620,4715) gain=0"
time=2026-09-23T14:37:06.122+03:00 level=INFO msg=outcome verb=stride holder=loot tgt=(5623,4716) result=blocked ev="from=(5620,4715) to=(5620,4715) gain=0"
time=2026-09-23T14:37:06.420+03:00 level=INFO msg=outcome verb=stride holder=loot tgt=(5623,4716) result=blocked ev="from=(5620,4715) to=(5620,4715) gain=0"
time=2026-09-23T14:37:06.700+03:00 level=INFO msg=outcome verb=stride holder=loot tgt=(5623,4716) result=blocked ev="from=(5620,4715) to=(5620,4715) gain=0"
time=2026-09-23T14:37:06.964+03:00 level=INFO msg=outcome verb=stride holder=loot tgt=(5623,4716) result=blocked ev="from=(5620,4715) to=(5620,4715) gain=0"
time=2026-09-23T14:37:07.283+03:00 level=INFO msg=outcome verb=stride holder=loot tgt=(5623,4716) result=blocked ev="from=(5620,4715) to=(5620,4715) gain=0"
time=2026-09-23T14:37:07.561+03:00 level=INFO msg=outcome verb=stride holder=loot tgt=(5623,4716) result=blocked ev="from=(5620,4715) to=(5620,4715) gain=0"
time=2026-09-23T14:37:07.854+03:00 level=INFO msg=outcome verb=stride holder=loot tgt=(5623,4716) result=blocked ev="from=(5620,4715) to=(5620,4715) gain=0"
time=2026-09-23T14:37:08.111+03:00 level=INFO msg=outcome verb=stride holder=loot tgt=(5623,4716) result=blocked ev="from=(5620,4715) to=(5620,4715) gain=0"
time=2026-09-23T14:37:08.381+03:00 level=INFO msg=outcome verb=stride holder=loot tgt=(5623,4716) result=blocked ev="from=(5620,4715) to=(5620,4715) gain=0"
time=2026-09-23T14:37:08.629+03:00 level=INFO msg=outcome verb=stride holder=loot tgt=(5623,4716) result=blocked ev="from=(5620,4715) to=(5620,4715) gain=0"
time=2026-09-23T14:37:08.903+03:00 level=INFO msg=outcome verb=stride holder=loot tgt=(5623,4716) result=blocked ev="from=(5620,4715) to=(5620,4715) gain=0"
time=2026-09-23T14:37:08.908+03:00 level=INFO msg=outcome verb=loot holder=loot tgt="" result=blocked ev="no progress to item 3492 in 4s (stuck at d=5) — banned 60s"
time=2026-09-23T14:37:09.209+03:00 level=INFO msg=outcome verb=stride holder=loot tgt=(5623,4716) result=blocked ev="from=(5620,4715) to=(5620,4715) gain=0"
time=2026-09-23T14:37:09.519+03:00 level=INFO msg=outcome verb=stride holder=loot tgt=(5623,4716) result=blocked ev="from=(5620,4715) to=(5620,4715) gain=0"
time=2026-09-23T14:37:09.789+03:00 level=INFO msg=outcome verb=stride holder=loot tgt=(5623,4716) result=blocked ev="from=(5620,4715) to=(5620,4715) gain=0"
time=2026-09-23T14:37:10.046+03:00 level=INFO msg=outcome verb=stride holder=loot tgt=(5623,4716) result=blocked ev="from=(5620,4715) to=(5620,4715) gain=0"
time=2026-09-23T14:37:10.310+03:00 level=INFO msg=outcome verb=stride holder=loot tgt=(5623,4716) result=blocked ev="from=(5620,4715) to=(5620,4715) gain=0"
time=2026-09-23T14:37:10.599+03:00 level=INFO msg=outcome verb=stride holder=loot tgt=(5623,4716) result=blocked ev="from=(5620,4715) to=(5620,4715) gain=0"
time=2026-09-23T14:37:10.867+03:00 level=INFO msg=outcome verb=stride holder=loot tgt=(5623,4716) result=blocked ev="from=(5620,4715) to=(5620,4715) gain=0"
time=2026-09-23T14:37:11.170+03:00 level=INFO msg=outcome verb=stride holder=loot tgt=(5623,4716) result=blocked ev="from=(5620,4715) to=(5620,4715) gain=0"
time=2026-09-23T14:37:11.428+03:00 level=INFO msg=outcome verb=stride holder=loot tgt=(5623,4716) result=blocked ev="from=(5620,4715) to=(5620,4715) gain=0"
time=2026-09-23T14:37:11.727+03:00 level=INFO msg=outcome verb=stride holder=loot tgt=(5623,4716) result=blocked ev="from=(5620,4715) to=(5620,4715) gain=0"
time=2026-09-23T14:37:11.974+03:00 level=INFO msg=outcome verb=stride holder=loot tgt=(5623,4716) result=blocked ev="from=(5620,4715) to=(5620,4715) gain=0"
time=2026-09-23T14:37:12.248+03:00 level=INFO msg=outcome verb=stride holder=loot tgt=(5623,4716) result=blocked ev="from=(5620,4715) to=(5620,4715) gain=0"
time=2026-09-23T14:37:12.559+03:00 level=INFO msg=outcome verb=stride holder=loot tgt=(5623,4716) result=blocked ev="from=(5620,4715) to=(5620,4715) gain=0"
time=2026-09-23T14:37:12.813+03:00 level=INFO msg=outcome verb=stride holder=loot tgt=(5623,4716) result=blocked ev="from=(5620,4715) to=(5620,4715) gain=0"
time=2026-09-23T14:37:13.078+03:00 level=INFO msg=outcome verb=stride holder=loot tgt=(5623,4716) result=blocked ev="from=(5620,4715) to=(5620,4715) gain=0"
time=2026-09-23T14:37:13.083+03:00 level=INFO msg=outcome verb=loot holder=loot tgt="" result=blocked ev="no progress to item 3497 in 4s (stuck at d=11) — banned 60s"
time=2026-09-23T14:37:14.956+03:00 level=INFO msg=status pos=(5609,4700) area=42 hp=122 mp=247 maxmana=34 lvl=25 gold=72036 weapon=melee arrows=-1 holder=loot
time=2026-09-23T14:37:18.349+03:00 level=INFO msg=outcome verb=pickup holder=loot tgt="item=3801 type=603 qual=2" result=whiff ev="background positional pickup missed"
time=2026-09-23T14:37:20.553+03:00 level=INFO msg=outcome verb=pickup holder=loot tgt="item=3801 type=603 qual=2" result=whiff ev="background positional pickup missed"
time=2026-09-23T14:37:22.983+03:00 level=INFO msg=outcome verb=pickup holder=loot tgt="item=3801 type=603 qual=2" result=whiff ev="background positional pickup missed"
time=2026-09-23T14:37:23.530+03:00 level=INFO msg=outcome verb=stride holder=loot tgt=(5615,4678) result=blocked ev="from=(5602,4681) to=(5602,4681) gain=0"
time=2026-09-23T14:37:24.090+03:00 level=INFO msg=outcome verb=stride holder=loot tgt=(5615,4678) result=blocked ev="from=(5602,4681) to=(5602,4681) gain=0"
time=2026-09-23T14:37:24.653+03:00 level=INFO msg=outcome verb=stride holder=loot tgt=(5615,4678) result=blocked ev="from=(5602,4681) to=(5602,4681) gain=0"
time=2026-09-23T14:37:25.203+03:00 level=INFO msg=outcome verb=stride holder=loot tgt=(5615,4678) result=blocked ev="from=(5602,4681) to=(5602,4681) gain=0"
time=2026-09-23T14:37:25.205+03:00 level=INFO msg=status pos=(5602,4681) area=42 hp=122 mp=247 maxmana=34 lvl=25 gold=72036 weapon=melee arrows=-1 holder=loot
time=2026-09-23T14:37:25.706+03:00 level=INFO msg=outcome verb=stride holder=loot tgt=(5615,4678) result=blocked ev="from=(5602,4681) to=(5602,4681) gain=0"
time=2026-09-23T14:37:26.241+03:00 level=INFO msg=outcome verb=stride holder=loot tgt=(5615,4678) result=blocked ev="from=(5602,4681) to=(5602,4681) gain=0"
time=2026-09-23T14:37:26.810+03:00 level=INFO msg=outcome verb=stride holder=loot tgt=(5615,4678) result=blocked ev="from=(5602,4681) to=(5602,4681) gain=0"
time=2026-09-23T14:37:27.372+03:00 level=INFO msg=outcome verb=stride holder=loot tgt=(5615,4678) result=blocked ev="from=(5602,4681) to=(5602,4681) gain=0"
time=2026-09-23T14:37:27.385+03:00 level=INFO msg=outcome verb=loot holder=loot tgt="" result=blocked ev="no progress to item 3864 in 4s (stuck at d=13) — banned 60s"
time=2026-09-23T14:37:30.614+03:00 level=INFO msg=outcome verb=pickup holder=loot tgt="item=3472 type=602 qual=2" result=whiff ev="background positional pickup missed"
time=2026-09-23T14:37:33.723+03:00 level=WARN msg=PATHOLOGY kind=orbit detail="holder=loot path=155 net=6 over 19s" cooling=loot for=6s
time=2026-09-23T14:37:35.980+03:00 level=INFO msg=outcome verb=stride holder=watchdog tgt=(5606,4693) result=blocked ev="from=(5606,4714) to=(5606,4715) gain=1"
time=2026-09-23T14:37:36.027+03:00 level=INFO msg=grant to=imbibe class=loot urgency=0.45
time=2026-09-23T14:37:36.030+03:00 level=INFO msg=verdict activity=imbibe verdict=done
time=2026-09-23T14:37:36.030+03:00 level=INFO msg=status pos=(5606,4715) area=42 hp=122 mp=247 maxmana=34 lvl=25 gold=72036 weapon=melee arrows=-1 holder=imbibe
time=2026-09-23T14:37:36.034+03:00 level=INFO msg=grant to=advance class=travel urgency=0.40
time=2026-09-23T14:37:37.820+03:00 level=INFO msg=outcome verb=stride holder=advance tgt=(5641,4715) result=blocked ev="from=(5606,4715) to=(5606,4715) gain=0"
time=2026-09-23T14:37:39.735+03:00 level=INFO msg=grant to=loot class=loot urgency=0.78
