PRECONDITION attached: ok  pid=34076 client=1536x840 aimcal=loaded logs/aimcal.json
PRECONDITION in-game: true  (position=true stats=true uibytes=true mode=true)
PRECONDITION position: ok (5062,5089) area=40 town=true hp=126%
PRECONDITION no monsters within 30: ok
PRECONDITION town: in_town=true allowed=true
live grid: origin (5000,5000) 280x280 — directions with a wall in the first 4 tiles are skipped
csv: logs\stridecal_1790211870.csv
running 8 dirs x 8 holds x 2 reps (budget 4m30s, mode=posted, spoof=true, dist=10)
  rep1 +x    hold=  80ms held= 123ms posted  gain= 8 head=7° firstmove=124ms modes=5>3
  rep1 +x    hold= 120ms held= 123ms posted  gain= 8 head=14° firstmove=43ms modes=3
  rep1 +x    hold= 200ms held= 242ms posted  gain=10 head=11° firstmove=41ms modes=3
  rep1 +x    hold= 300ms held= 366ms posted  gain=12 head=10° firstmove=42ms modes=3
  rep1 +x    hold= 500ms held= 494ms posted  gain=14 head=8° firstmove=83ms modes=3
  rep1 +x    hold= 800ms held= 488ms posted  gain=14 head=8° firstmove=82ms modes=3
  rep1 +x    hold=1200ms held= 491ms posted  gain=15 head=8° firstmove=43ms modes=3
  rep1 +x    hold=2000ms held= 486ms posted  gain=14 head=6° firstmove=2ms modes=3
  rep1 +x+y  hold=  80ms held= 122ms posted  gain= 5 head=10° firstmove=42ms modes=3
  rep1 +x+y  hold= 120ms held= 122ms posted  gain= 5 head=10° firstmove=83ms modes=3
  rep1 +x+y  hold= 200ms held= 242ms posted  gain= 7 head=9° firstmove=42ms modes=3
  rep1 +x+y  hold= 300ms held= 364ms posted  gain= 9 head=7° firstmove=42ms modes=3
  rep1 +x+y  hold= 500ms held= 365ms posted  gain=10 head=10° firstmove=42ms modes=3
  rep1 +x+y  hold= 800ms held= 365ms posted  gain=10 head=10° firstmove=90ms modes=3
  rep1 +x+y  hold=1200ms held= 729ms posted  gain= 9 head=12° firstmove=83ms modes=3
  rep1 +x+y  hold=2000ms held= 363ms posted  gain=10 head=10° firstmove=42ms modes=3
  rep1 +y    hold=  80ms held= 122ms posted  gain= 9 head=6° firstmove=42ms modes=3
  rep1 +y    hold= 120ms held= 123ms posted  gain= 9 head=0° firstmove=83ms modes=3
  rep1 +y    hold= 200ms held= 244ms posted  gain= 9 head=6° firstmove=41ms modes=3
  rep1 +y    hold= 300ms held= 366ms posted  gain=13 head=4° firstmove=85ms modes=3
  rep1 +y    hold= 500ms held= 606ms posted  gain=13 head=4° firstmove=1ms modes=3
  rep1 +y    hold= 800ms held= 365ms posted  gain=14 head=4° firstmove=48ms modes=3
  rep1 +y    hold=1200ms held= 607ms posted  gain=15 head=4° firstmove=42ms modes=3
  rep1 +y    hold=2000ms held= 608ms posted  gain=14 head=4° firstmove=42ms modes=3
  rep1 -x+y  hold=  80ms held= 122ms posted  gain= 7 head=4° firstmove=42ms modes=3
  rep1 -x+y  hold= 120ms held= 123ms posted  gain= 5 head=14° firstmove=42ms modes=3
  rep1 -x+y  hold= 200ms held= 243ms posted  gain= 7 head=25° firstmove=83ms modes=3
  rep1 -x+y  hold= 300ms held= 365ms posted  gain=10 head=3° firstmove=42ms modes=3
  rep1 -x+y  hold= 500ms held= 609ms posted  gain=11 head=6° firstmove=165ms modes=3
  rep1 -x+y  hold= 800ms held= 859ms posted  gain=13 head=7° firstmove=213ms modes=3
  rep1 -x+y  hold=1200ms held= 729ms posted  gain=12 head=4° firstmove=84ms modes=3
  rep1 -x+y  hold=2000ms held= 728ms posted  gain=12 head=4° firstmove=83ms modes=3
  rep1 -x    hold=  80ms held= 122ms posted  gain= 4 head=8° firstmove=83ms modes=3>5
  skip dir -x: wall within 4 tiles of (5060,5088)
  skip dir -x-y: wall within 4 tiles of (5060,5088)
  rep1 -y    hold=  80ms held= 123ms posted  gain= 8 head=0° firstmove=165ms modes=5>3
  rep1 -y    hold= 120ms held= 122ms posted  gain= 6 head=0° firstmove=42ms modes=3
  rep1 -y    hold= 200ms held= 244ms posted  gain=11 head=1° firstmove=41ms modes=3
  rep1 -y    hold= 300ms held= 366ms posted  gain=13 head=4° firstmove=83ms modes=3
  rep1 -y    hold= 500ms held= 365ms posted  gain=13 head=9° firstmove=42ms modes=3
  rep1 -y    hold= 800ms held= 485ms posted  gain=15 head=8° firstmove=42ms modes=3
  rep1 -y    hold=1200ms held= 609ms posted  gain=14 head=4° firstmove=83ms modes=3
  rep1 -y    hold=2000ms held= 614ms posted  gain=15 head=4° firstmove=42ms modes=3
  rep1 +x-y  hold=  80ms held= 122ms posted  gain= 5 head=0° firstmove=41ms modes=3
  rep1 +x-y  hold= 120ms held= 123ms posted  gain= 5 head=6° firstmove=89ms modes=3
  rep1 +x-y  hold= 200ms held= 244ms posted  gain= 8 head=8° firstmove=89ms modes=3
  rep1 +x-y  hold= 300ms held= 364ms posted  gain=11 head=13° firstmove=84ms modes=3
  rep1 +x-y  hold= 500ms held= 487ms posted  gain=13 head=13° firstmove=43ms modes=3
  rep1 +x-y  hold= 800ms held= 609ms posted  gain=11 head=9° firstmove=43ms modes=3
  rep1 +x-y  hold=1200ms held= 609ms posted  gain=11 head=9° firstmove=82ms modes=3
  rep1 +x-y  hold=2000ms held= 486ms posted  gain=13 head=13° firstmove=44ms modes=3
  rep2 +x    hold=  80ms held= 122ms posted  gain= 8 head=2° firstmove=93ms modes=3
  rep2 +x    hold= 120ms held= 122ms posted  gain= 9 head=13° firstmove=43ms modes=3
  rep2 +x    hold= 200ms held= 243ms posted  gain=10 head=11° firstmove=43ms modes=3
  rep2 +x    hold= 300ms held= 364ms posted  gain=12 head=14° firstmove=42ms modes=3
  rep2 +x    hold= 500ms held= 487ms posted  gain=14 head=10° firstmove=84ms modes=3
  rep2 +x    hold= 800ms held= 487ms posted  gain=15 head=11° firstmove=42ms modes=3
  rep2 +x    hold=1200ms held= 486ms posted  gain=14 head=4° firstmove=1ms modes=3
  rep2 +x    hold=2000ms held= 492ms posted  gain=14 head=8° firstmove=42ms modes=3
  rep2 +x+y  hold=  80ms held= 124ms posted  gain= 7 head=15° firstmove=42ms modes=3
  rep2 +x+y  hold= 120ms held= 122ms posted  gain= 6 head=0° firstmove=84ms modes=3
  rep2 +x+y  hold= 200ms held= 243ms posted  gain= 8 head=4° firstmove=42ms modes=3
  rep2 +x+y  hold= 300ms held= 366ms posted  gain=12 head=22° firstmove=48ms modes=3
  rep2 +x+y  hold= 500ms held= 364ms posted  gain=10 head=10° firstmove=42ms modes=3
  rep2 +x+y  hold= 800ms held= 365ms posted  gain=10 head=10° firstmove=43ms modes=3
  rep2 +x+y  hold=1200ms held= 734ms posted  gain= 9 head=12° firstmove=43ms modes=3
  rep2 +x+y  hold=2000ms held= 364ms posted  gain=10 head=6° firstmove=42ms modes=3
  rep2 +y    hold=  80ms held= 123ms posted  gain= 9 head=6° firstmove=42ms modes=3
  rep2 +y    hold= 120ms held= 124ms posted  gain= 9 head=6° firstmove=42ms modes=3
  rep2 +y    hold= 200ms held= 242ms posted  gain=10 head=0° firstmove=124ms modes=3
  rep2 +y    hold= 300ms held= 365ms posted  gain=10 head=6° firstmove=42ms modes=3
  rep2 +y    hold= 500ms held= 372ms posted  gain=13 head=4° firstmove=42ms modes=3
  rep2 +y    hold= 800ms held= 494ms posted  gain=15 head=0° firstmove=42ms modes=3
  rep2 +y    hold=1200ms held= 489ms posted  gain=15 head=4° firstmove=84ms modes=3
  rep2 +y    hold=2000ms held= 366ms posted  gain=13 head=4° firstmove=44ms modes=3
  rep2 -x+y  hold=  80ms held= 122ms posted  gain= 7 head=4° firstmove=43ms modes=3
  rep2 -x+y  hold= 120ms held= 122ms posted  gain= 6 head=0° firstmove=84ms modes=3
  rep2 -x+y  hold= 200ms held= 243ms posted  gain= 7 head=0° firstmove=131ms modes=3
  rep2 -x+y  hold= 300ms held= 365ms posted  gain= 9 head=0° firstmove=42ms modes=3
  rep2 -x+y  hold= 500ms held= 365ms posted  gain= 9 head=0° firstmove=43ms modes=3
  rep2 -x+y  hold= 800ms held= 489ms posted  gain=10 head=0° firstmove=84ms modes=3
  rep2 -x+y  hold=1200ms held= 365ms posted  gain= 9 head=0° firstmove=82ms modes=3
  rep2 -x+y  hold=2000ms held= 366ms posted  gain= 9 head=0° firstmove=41ms modes=3
  rep2 -x    hold=  80ms held= 123ms posted  gain= 5 head=46° firstmove=83ms modes=3
  rep2 -x-y  hold=  80ms held= 123ms posted  gain= 6 head=79° firstmove=43ms modes=3
  rep2 -x-y  hold= 200ms held= 244ms posted  gain=10 head=28° firstmove=43ms modes=3
  rep2 -x-y  hold= 300ms held= 366ms posted  gain= 9 head=23° firstmove=83ms modes=3
  rep2 -x-y  hold= 500ms held= 609ms posted  gain=14 head=29° firstmove=84ms modes=3
  rep2 -x-y  hold= 800ms held= 850ms posted  gain=18 head=27° firstmove=42ms modes=3
  rep2 -x-y  hold=1200ms held= 487ms posted  gain=10 head=0° firstmove=166ms modes=5>3
  rep2 -x-y  hold=2000ms held= 486ms posted  gain=10 head=0° firstmove=166ms modes=5>3
  rep2 -y    hold=  80ms held= 122ms posted  gain= 5 head=22° firstmove=42ms modes=3
  rep2 -y    hold= 120ms held= 123ms posted  gain= 9 head=0° firstmove=42ms modes=3
  rep2 -y    hold= 200ms held= 244ms posted  gain= 8 head=7° firstmove=42ms modes=3
  rep2 -y    hold= 300ms held= 374ms posted  gain=11 head=5° firstmove=84ms modes=3
  rep2 -y    hold= 500ms held= 365ms posted  gain=14 head=2° firstmove=48ms modes=3
  rep2 -y    hold= 800ms held= 608ms posted  gain=14 head=4° firstmove=42ms modes=3
  rep2 -y    hold=1200ms held= 609ms posted  gain=14 head=4° firstmove=41ms modes=3
  rep2 -y    hold=2000ms held= 608ms posted  gain=14 head=4° firstmove=84ms modes=3
  rep2 +x-y  hold=  80ms held= 123ms posted  gain= 5 head=3° firstmove=93ms modes=3
  rep2 +x-y  hold= 120ms held= 123ms posted  gain= 7 head=14° firstmove=83ms modes=3
  rep2 +x-y  hold= 200ms held= 244ms posted  gain= 9 head=7° firstmove=42ms modes=3
  rep2 +x-y  hold= 300ms held= 366ms posted  gain=10 head=14° firstmove=1ms modes=3
  rep2 +x-y  hold= 500ms held= 485ms posted  gain=13 head=13° firstmove=42ms modes=3
  rep2 +x-y  hold= 800ms held= 608ms posted  gain=11 head=9° firstmove=42ms modes=3
  rep2 +x-y  hold=1200ms held= 485ms posted  gain=12 head=8° firstmove=42ms modes=3
  rep2 +x-y  hold=2000ms held= 486ms posted  gain=12 head=11° firstmove=84ms modes=3

105 trials in 273s  (csv logs\stridecal_1790211870.csv)
mode       hold   n med_gain   zero%  med_head med_held  med_move1
posted     80ms  15        7      0%        6°    122ms       43ms
posted    120ms  12        6      0%        6°    123ms       63ms
posted    200ms  13        9      0%        7°    243ms       42ms
posted    300ms  13       11      0%        7°    366ms       42ms
posted    500ms  13       13      0%        9°    485ms       43ms
posted    800ms  13       14      0%        8°    489ms       43ms
posted   1200ms  13       12      0%        4°    607ms       82ms
posted   2000ms  13       13      0%        4°    486ms       42ms
med_held = the verb's real hold (120ms poll quantum); med_move1 = ms from Stride.Do to first position change (key-down lands ~90ms in)
[interception] create_context failed — driver not installed? (using SendInput fallback)
input released and healed
