time=2026-09-24T04:14:19.717+03:00 level=INFO msg="azbot attaching" pid=34076
time=2026-09-24T04:14:24.144+03:00 level=INFO msg="aim calibration loaded" kx=1.1125320679211068 ky=1.1293540875695656 ox=2.951161121414657 oy=-27.490030603728087
time=2026-09-24T04:14:24.146+03:00 level=INFO msg="world scale" scale=1.25 client=1536x840 dpi=1.25
time=2026-09-24T04:14:24.147+03:00 level=INFO msg="navigation mode" deliberate=true
time=2026-09-24T04:14:24.188+03:00 level=INFO msg="attach report" verdict="position=true stats=true uibytes=true mode=true"
time=2026-09-24T04:14:30.298+03:00 level=INFO msg="sentinel live" killswitch=f10 drinkAt=60
time=2026-09-24T04:14:30.300+03:00 level=INFO msg=director goal=campaign
time=2026-09-24T04:14:34.389+03:00 level=INFO msg="map data fetched" seed=466817790 areas=136
time=2026-09-24T04:14:34.652+03:00 level=INFO msg="capability: proven binding" key=f1 skill=220 skill_name="Book of Townportal"
time=2026-09-24T04:14:34.850+03:00 level=INFO msg="capability: proven binding" key=f2 skill=218 skill_name="Book of Identify"
time=2026-09-24T04:14:35.040+03:00 level=INFO msg="capability: proven binding" key=f3 skill=133 skill_name="Double Swing"
time=2026-09-24T04:14:35.206+03:00 level=INFO msg="capability: key selected nothing (unbound or unusable)" key=f4
time=2026-09-24T04:14:35.371+03:00 level=INFO msg="capability: proven binding" key=f5 skill=143 skill_name="Leap Attack"
time=2026-09-24T04:14:35.574+03:00 level=INFO msg="capability: key selected nothing (unbound or unusable)" key=f6
time=2026-09-24T04:14:35.783+03:00 level=INFO msg="capability: key selected nothing (unbound or unusable)" key=f7
time=2026-09-24T04:14:35.977+03:00 level=INFO msg="capability: key selected nothing (unbound or unusable)" key=f8
time=2026-09-24T04:14:35.977+03:00 level=INFO msg="capability: combat binding" skill=143 skill_name="Leap Attack" key=116
time=2026-09-24T04:14:36.045+03:00 level=INFO msg="campaign itinerary selected" act=2 startArea=40 legs=24
time=2026-09-24T04:14:36.047+03:00 level=INFO msg="flight recorder live" path=logs/flight_1790212476.jsonl
time=2026-09-24T04:14:36.048+03:00 level=INFO msg="executive: game unfocused — playing on (posted input, your windows untouched)"
S 04:14:36 #1 ses=InGame mode=Unknown ui=- cur=- hold=- held=- gate=- phase=- hp=126 mp=248 pos=5062,5095 en=0
time=2026-09-24T04:14:36.112+03:00 level=INFO msg="executive: grid re-aligned" area=40
time=2026-09-24T04:14:36.113+03:00 level=INFO msg="executive: self-model event — recalibrating" armed=true revived=false
time=2026-09-24T04:14:36.280+03:00 level=INFO msg="capability: proven binding" key=f1 skill=220 skill_name="Book of Townportal"
time=2026-09-24T04:14:36.492+03:00 level=INFO msg="capability: proven binding" key=f2 skill=218 skill_name="Book of Identify"
time=2026-09-24T04:14:36.696+03:00 level=INFO msg="capability: proven binding" key=f3 skill=133 skill_name="Double Swing"
time=2026-09-24T04:14:36.906+03:00 level=INFO msg="capability: key selected nothing (unbound or unusable)" key=f4
time=2026-09-24T04:14:37.104+03:00 level=INFO msg="capability: proven binding" key=f5 skill=143 skill_name="Leap Attack"
time=2026-09-24T04:14:37.279+03:00 level=INFO msg="capability: key selected nothing (unbound or unusable)" key=f6
time=2026-09-24T04:14:37.451+03:00 level=INFO msg="capability: key selected nothing (unbound or unusable)" key=f7
time=2026-09-24T04:14:37.661+03:00 level=INFO msg="capability: key selected nothing (unbound or unusable)" key=f8
time=2026-09-24T04:14:37.661+03:00 level=INFO msg="capability: combat binding" skill=143 skill_name="Leap Attack" key=116
T L=grant from=- to=fence why="fresh: no holder" tick=1
time=2026-09-24T04:14:37.772+03:00 level=INFO msg=grant from="" to=fence class=service urgency=0.65 why="fresh: no holder"
time=2026-09-24T04:14:37.773+03:00 level=INFO msg=outcome verb=errand-trace holder=fence tgt="" result=refused ev="phase=Seek menuTry=0 tries=0 menuOpen=false tradeSelected=false"
T L=nav act=fence from=noplan to=following why="route 6 legs 78 tiles (5062,5095)->(5088,5026)" tick=1
time=2026-09-24T04:14:37.998+03:00 level=INFO msg=status pos=(5062,5095) area=40 hp=126 mp=248 maxmana=35 lvl=26 gold=83665 weapon=melee arrows=-1 holder=fence
S 04:14:38 #2 ses=InGame mode=Unknown ui=- cur=- hold=fence held=0.2s gate=- phase=Seek hp=126 mp=248 pos=5063,5093 en=0
T L=ui from=unknown to=world why="" tick=3 hold=fence
S 04:14:39 #5 ses=InGame mode=World ui=- cur=- hold=fence held=1.2s gate=- phase=Seek hp=126 mp=248 pos=5069,5078 en=0
T L=phase act=fence from=Seek to=Approach why="npc loaded" inPhase=0.0s tick=6
time=2026-09-24T04:14:39.299+03:00 level=INFO msg=outcome verb=errand-trace holder=fence tgt="" result=refused ev="phase=Approach menuTry=0 tries=0 menuOpen=false tradeSelected=false"
T L=nav act=fence from=noplan to=following why="route 3 legs 48 tiles (5071,5073)->(5089,5032)" tick=7
S 04:14:40 #9 ses=InGame mode=World ui=- cur=- hold=fence held=2.3s gate=- phase=Approach hp=126 mp=248 pos=5073,5062 en=0
S 04:14:41 #12 ses=InGame mode=World ui=- cur=- hold=fence held=3.6s gate=- phase=Approach hp=126 mp=248 pos=5088,5044 en=0
T L=phase act=fence from=Approach to=Talk why="in band, dist 6" inPhase=2.5s tick=13
time=2026-09-24T04:14:41.769+03:00 level=INFO msg=outcome verb=errand-trace holder=fence tgt="" result=refused ev="phase=Talk menuTry=0 tries=0 menuOpen=false tradeSelected=false"
time=2026-09-24T04:14:42.091+03:00 level=INFO msg=outcome verb=errand-trace holder=fence tgt="" result=refused ev="phase=Talk menuTry=0 tries=1 menuOpen=false tradeSelected=false"
S 04:14:42 #24 ses=InGame mode=World ui=- cur=- hold=fence held=4.7s gate=- phase=Talk hp=126 mp=248 pos=5089,5027 en=0
S 04:14:43 #50 ses=InGame mode=World ui=- cur=- hold=fence held=5.7s gate=- phase=Talk hp=126 mp=248 pos=5089,5025 en=0
S 04:14:44 #74 ses=InGame mode=World ui=- cur=- hold=fence held=6.7s gate=- phase=Talk hp=126 mp=248 pos=5089,5025 en=0
time=2026-09-24T04:14:45.273+03:00 level=INFO msg=outcome verb=errand-trace holder=fence tgt="" result=refused ev="phase=Talk menuTry=0 tries=2 menuOpen=false tradeSelected=false"
time=2026-09-24T04:14:45.395+03:00 level=INFO msg=outcome verb=errand-trace holder=fence tgt="" result=refused ev="phase=Talk menuTry=0 tries=2 menuOpen=true tradeSelected=false"
T L=phase act=fence from=Talk to=Menu why="menu byte after our talk click" inPhase=3.6s tick=93
time=2026-09-24T04:14:45.461+03:00 level=INFO msg=outcome verb=errand-trace holder=fence tgt="" result=refused ev="phase=Menu menuTry=0 tries=2 menuOpen=true tradeSelected=false"
time=2026-09-24T04:14:45.604+03:00 level=INFO msg="sentinel: game refocused — modifier amnesty fired"
T L=phase act=fence from=Menu to=Act why="trade selected (menu slot try 0)" inPhase=0.8s tick=94
time=2026-09-24T04:14:46.149+03:00 level=INFO msg="executive: game refocused"
S 04:14:46 #95 ses=InGame mode=World ui=- cur=- hold=fence held=8.4s gate=- phase=Act hp=126 mp=248 pos=5091,5030 en=0
time=2026-09-24T04:14:46.153+03:00 level=INFO msg=outcome verb=errand-trace holder=fence tgt="" result=refused ev="phase=Act menuTry=0 tries=2 menuOpen=true tradeSelected=true"
T L=ui from=world to=world+npcmenu why="memory 0xF4 (NPC menu or dialog)" tick=96 hold=fence
S 04:14:47 #96 ses=InGame mode=World ui=npcmenu cur=- hold=fence held=9.5s gate=- phase=Act hp=126 mp=248 pos=5091,5030 en=0
T L=grant from=fence to=equip why="released: fence stopped bidding" tick=96
time=2026-09-24T04:14:47.277+03:00 level=INFO msg=grant from=fence to=equip class=service urgency=0.85 why="released: fence stopped bidding"
T L=ui from=world+npcmenu to=world+npcmenu+shop+inventory+cursor why="vendor red X + empty grid; right-half panel beside the vendor (frame 0.88/0.90); cursor item" tick=98 hold=equip
time=2026-09-24T04:14:48.017+03:00 level=INFO msg=status pos=(5091,5030) area=40 hp=126 mp=248 maxmana=35 lvl=26 gold=83665 weapon=melee arrows=-1 holder=equip
S 04:14:48 #113 ses=InGame mode=World ui=npcmenu+shop+inventory cur=item hold=equip held=1.0s gate=- phase=- hp=126 mp=248 pos=5091,5030 en=0
T L=grant from=equip to=spend why="released: equip stopped bidding" tick=120
time=2026-09-24T04:14:49.216+03:00 level=INFO msg=grant from=equip to=spend class=service urgency=0.60 why="released: equip stopped bidding"
S 04:14:50 #121 ses=InGame mode=World ui=npcmenu+shop+inventory cur=item hold=spend held=1.4s gate=- phase=- hp=126 mp=248 pos=5091,5030 en=0
T L=ui from=world+npcmenu+shop+inventory+cursor to=world+npcmenu+shop+inventory why="cursor empty" tick=123 hold=spend
time=2026-09-24T04:14:50.809+03:00 level=WARN msg="STALL — mute holder" class=service holder=spend silent=4s hp=126 pos=(5091,5030)
S 04:14:51 #146 ses=InGame mode=World ui=npcmenu+shop+inventory cur=- hold=spend held=2.4s gate=- phase=- hp=126 mp=248 pos=5091,5030 en=0
time=2026-09-24T04:14:53.345+03:00 level=WARN msg="STALL — mute holder" class=service holder=spend silent=6.5s hp=126 pos=(5091,5030)
S 04:14:53 #148 ses=InGame mode=World ui=npcmenu+shop+inventory cur=- hold=spend held=4.1s gate=- phase=- hp=126 mp=248 pos=5091,5030 en=0
S 04:14:54 #173 ses=InGame mode=World ui=npcmenu+shop+inventory cur=- hold=spend held=5.2s gate=- phase=- hp=126 mp=248 pos=5091,5030 en=0
time=2026-09-24T04:14:56.175+03:00 level=WARN msg="STALL — mute holder" class=service holder=spend silent=9.4s hp=126 pos=(5091,5030)
time=2026-09-24T04:14:56.177+03:00 level=WARN msg="STALL — mute grant released" holder=spend cool=5s
T L=grant from=spend to=- why="end: abandoned/mute: stall: silent 9.4s; cool 5s" tick=176
S 04:14:56 #177 ses=InGame mode=World ui=npcmenu+shop+inventory cur=- hold=- held=- gate=- phase=- hp=126 mp=248 pos=5091,5030 en=0
T L=grant from=spend to=identify why="fresh: spend abandoned/mute: stall: silent 9.4s; cool 5s" tick=177
time=2026-09-24T04:14:56.180+03:00 level=INFO msg=grant from=spend to=identify class=service urgency=0.55 why="fresh: spend abandoned/mute: stall: silent 9.4s; cool 5s"
S 04:14:57 #178 ses=InGame mode=World ui=npcmenu+shop+inventory cur=- hold=identify held=1.2s gate=- phase=- hp=126 mp=248 pos=5102,5035 en=0
T L=ui from=world+npcmenu+shop+inventory to=world+npcmenu+inventory why="shop gone" tick=180 hold=identify
time=2026-09-24T04:14:58.052+03:00 level=INFO msg=status pos=(5109,5025) area=40 hp=126 mp=248 maxmana=35 lvl=26 gold=83665 weapon=melee arrows=-1 holder=identify
time=2026-09-24T04:14:58.186+03:00 level=WARN msg="STALL — mute holder" class=service holder=identify silent=11.4s hp=126 pos=(5110,5023)
time=2026-09-24T04:14:58.186+03:00 level=WARN msg="STALL — mute grant released" holder=identify cool=5s
T L=grant from=identify to=- why="end: abandoned/mute: stall: silent 11.4s; cool 5s" tick=199
S 04:14:58 #201 ses=InGame mode=World ui=npcmenu+inventory cur=- hold=- held=- gate=- phase=- hp=126 mp=248 pos=5111,5022 en=0
T L=grant from=- to=spend why="fresh: no holder" tick=205
time=2026-09-24T04:14:59.341+03:00 level=INFO msg=grant from="" to=spend class=service urgency=0.60 why="fresh: no holder"
time=2026-09-24T04:15:00.001+03:00 level=INFO msg=outcome verb=spend holder=spend tgt="" result=deaf ev="count frozen at 5 through both doors (verified 0) — belief retired"
time=2026-09-24T04:15:00.002+03:00 level=INFO msg=verdict activity=spend verdict=abandoned
T L=grant from=spend to=- why="end: abandoned/none" tick=205
S 04:15:00 #206 ses=InGame mode=World ui=npcmenu+inventory cur=- hold=- held=- gate=- phase=- hp=126 mp=248 pos=5106,5029 en=0
T L=grant from=spend to=spend why="fresh: spend abandoned/none" tick=206
time=2026-09-24T04:15:00.036+03:00 level=INFO msg=grant from=spend to=spend class=service urgency=0.60 why="fresh: spend abandoned/none"
time=2026-09-24T04:15:00.036+03:00 level=INFO msg=outcome verb=spend holder=spend tgt="" result=refused ev="no proven REACH TOOL — skill points banked (P-8.5)"
time=2026-09-24T04:15:00.036+03:00 level=INFO msg=verdict activity=spend verdict=done
T L=grant from=spend to=- why="end: done/completed" tick=206
S 04:15:01 #212 ses=InGame mode=World ui=npcmenu+inventory cur=- hold=- held=- gate=- phase=- hp=126 mp=248 pos=5101,5035 en=0
T L=grant from=- to=identify why="fresh: no holder" tick=212
time=2026-09-24T04:15:01.189+03:00 level=INFO msg=grant from="" to=identify class=service urgency=0.55 why="fresh: no holder"
S 04:15:02 #213 ses=InGame mode=World ui=npcmenu+inventory cur=- hold=identify held=1.2s gate=- phase=- hp=126 mp=248 pos=5101,5035 en=0
T L=ui from=world+npcmenu+inventory to=world+npcmenu+inventory+right-panel why="right-half panel (frame 0.88/0.90)" tick=217 hold=identify
T L=grant from=identify to=fence why="released: identify stopped bidding" tick=219
time=2026-09-24T04:15:02.613+03:00 level=INFO msg=grant from=identify to=fence class=service urgency=0.65 why="released: identify stopped bidding"
time=2026-09-24T04:15:02.614+03:00 level=INFO msg=outcome verb=errand-trace holder=fence tgt="" result=refused ev="phase=Act menuTry=0 tries=2 menuOpen=false tradeSelected=true"
T L=phase act=fence from=Act to=Talk why="trade never opened (menu slot try 1)" inPhase=18.5s tick=219
S 04:15:04 #220 ses=InGame mode=World ui=npcmenu+inventory+right-panel cur=- hold=fence held=2.1s gate=- phase=Talk hp=129 mp=248 pos=5101,5035 en=0
time=2026-09-24T04:15:04.747+03:00 level=INFO msg=outcome verb=errand-trace holder=fence tgt="" result=refused ev="phase=Talk menuTry=1 tries=2 menuOpen=false tradeSelected=true"
T L=phase act=fence from=Talk to=Approach why="out of the talk band" inPhase=0.1s tick=220
time=2026-09-24T04:15:04.750+03:00 level=INFO msg=outcome verb=errand-trace holder=fence tgt="" result=refused ev="phase=Approach menuTry=1 tries=2 menuOpen=false tradeSelected=true"
T L=phase act=fence from=Approach to=Talk why="in band, dist 7" inPhase=0.7s tick=222
time=2026-09-24T04:15:05.506+03:00 level=INFO msg=outcome verb=errand-trace holder=fence tgt="" result=refused ev="phase=Talk menuTry=1 tries=2 menuOpen=false tradeSelected=true"
time=2026-09-24T04:15:08.166+03:00 level=INFO msg=outcome verb=errand holder=fence tgt="" result=whiff ev="talk diag: npc=177 unit@(5092,5032) me@(5098,5024) dist=8 proj=(491,393) hoverConfirmed=false"
time=2026-09-24T04:15:08.168+03:00 level=INFO msg=status pos=(5098,5024) area=40 hp=129 mp=248 maxmana=35 lvl=26 gold=83665 weapon=melee arrows=-1 holder=fence
S 04:15:08 #224 ses=InGame mode=World ui=npcmenu+inventory+right-panel cur=- hold=fence held=5.6s gate=- phase=Talk hp=129 mp=248 pos=5094,5014 en=0
time=2026-09-24T04:15:08.234+03:00 level=INFO msg=outcome verb=errand-trace holder=fence tgt="" result=refused ev="phase=Talk menuTry=1 tries=3 menuOpen=false tradeSelected=true"
T L=phase act=fence from=Talk to=Approach why="out of the talk band" inPhase=2.7s tick=224
time=2026-09-24T04:15:08.238+03:00 level=INFO msg=outcome verb=errand-trace holder=fence tgt="" result=refused ev="phase=Approach menuTry=1 tries=3 menuOpen=false tradeSelected=true"
T L=nav act=fence from=following to=noplan why="diverged 18.7 tiles off path at (5094,5014)" tick=225
T L=nav act=fence from=noplan to=following why="route 1 legs 19 tiles (5094,5014)->(5089,5032)" tick=225
T L=ui from=world+npcmenu+inventory+right-panel to=world+npcmenu+inventory why="right-panel gone" tick=228 hold=fence
S 04:15:09 #228 ses=InGame mode=World ui=npcmenu+inventory cur=- hold=fence held=6.9s gate=- phase=Approach hp=129 mp=248 pos=5099,5031 en=0
T L=phase act=fence from=Approach to=Talk why="in band, dist 7" inPhase=1.2s tick=228
time=2026-09-24T04:15:09.487+03:00 level=INFO msg=outcome verb=errand-trace holder=fence tgt="" result=refused ev="phase=Talk menuTry=1 tries=3 menuOpen=false tradeSelected=true"
S 04:15:11 #230 ses=InGame mode=World ui=npcmenu+inventory cur=- hold=fence held=8.5s gate=- phase=Talk hp=129 mp=248 pos=5100,5035 en=0
time=2026-09-24T04:15:11.127+03:00 level=INFO msg=outcome verb=errand-trace holder=fence tgt="" result=refused ev="phase=Talk menuTry=1 tries=4 menuOpen=false tradeSelected=true"
S 04:15:12 #231 ses=InGame mode=World ui=npcmenu+inventory cur=- hold=fence held=10.3s gate=- phase=Talk hp=129 mp=248 pos=5099,5033 en=0
time=2026-09-24T04:15:12.900+03:00 level=INFO msg=outcome verb=errand-trace holder=fence tgt="" result=refused ev="phase=Talk menuTry=1 tries=5 menuOpen=false tradeSelected=true"
T L=ui from=world+npcmenu+inventory to=world+npcmenu+inventory+right-panel why="right-half panel (frame 0.88/0.90)" tick=235 hold=fence
T L=phase act=fence from=Talk to=Approach why="out of the talk band" inPhase=4.1s tick=247
time=2026-09-24T04:15:13.554+03:00 level=INFO msg=outcome verb=errand-trace holder=fence tgt="" result=refused ev="phase=Approach menuTry=1 tries=5 menuOpen=false tradeSelected=true"
S 04:15:14 #249 ses=InGame mode=World ui=npcmenu+inventory+right-panel cur=- hold=fence held=11.7s gate=- phase=Approach hp=129 mp=248 pos=5097,5032 en=0
T L=phase act=fence from=Approach to=Talk why="in band, dist 5" inPhase=0.8s tick=249
time=2026-09-24T04:15:14.315+03:00 level=INFO msg=outcome verb=errand-trace holder=fence tgt="" result=refused ev="phase=Talk menuTry=1 tries=5 menuOpen=false tradeSelected=true"
T L=ui from=world+npcmenu+inventory+right-panel to=world+npcmenu+inventory why="right-panel gone" tick=255 hold=fence
S 04:15:15 #275 ses=InGame mode=World ui=npcmenu+inventory cur=- hold=fence held=12.7s gate=- phase=Talk hp=129 mp=248 pos=5098,5035 en=0
S 04:15:17 #289 ses=InGame mode=World ui=npcmenu+inventory cur=- hold=fence held=14.9s gate=- phase=Talk hp=129 mp=248 pos=5098,5035 en=0
time=2026-09-24T04:15:17.553+03:00 level=WARN msg=PATHOLOGY kind=orbit detail="holder=fence path=94 net=6 over 19s" cooling=fence for=6s
T L=grant from=fence to=- why="end: abandoned/judged: watchdog orbit; cool fence 6s" tick=289
S 04:15:19 #290 ses=InGame mode=World ui=npcmenu+inventory cur=- hold=- held=- gate=- phase=- hp=129 mp=248 pos=5084,5034 en=0
T L=grant from=fence to=identify why="fresh: fence abandoned/judged: watchdog orbit; cool fence 6s" tick=290
time=2026-09-24T04:15:19.799+03:00 level=INFO msg=grant from=fence to=identify class=service urgency=0.55 why="fresh: fence abandoned/judged: watchdog orbit; cool fence 6s"
time=2026-09-24T04:15:20.942+03:00 level=INFO msg=status pos=(5084,5034) area=40 hp=129 mp=248 maxmana=35 lvl=26 gold=83665 weapon=melee arrows=-1 holder=identify
S 04:15:20 #291 ses=InGame mode=World ui=npcmenu+inventory cur=- hold=identify held=1.1s gate=- phase=- hp=129 mp=248 pos=5084,5034 en=0
T L=ui from=world+npcmenu+inventory to=world+npcmenu+inventory+right-panel why="right-half panel (frame 0.88/0.90)" tick=292 hold=identify
T L=grant from=identify to=- why="released: identify stopped bidding" tick=300
T L=grant from=- to=fence why="fresh: no holder" tick=302
time=2026-09-24T04:15:21.747+03:00 level=INFO msg=grant from="" to=fence class=service urgency=0.65 why="fresh: no holder"
time=2026-09-24T04:15:21.748+03:00 level=INFO msg=outcome verb=errand-trace holder=fence tgt="" result=refused ev="phase=Talk menuTry=1 tries=6 menuOpen=false tradeSelected=true"
time=2026-09-24T04:15:21.749+03:00 level=INFO msg=outcome verb=errand holder=fence tgt="" result=deaf ev="npc=177: 6 talk attempts, menu never opened (hover or click deaf — P-6.2)"
T L=phase act=fence from=Talk to=Seek why="reset" inPhase=7.4s tick=302
time=2026-09-24T04:15:21.749+03:00 level=INFO msg=verdict activity=fence verdict=abandoned
T L=grant from=fence to=- why="end: abandoned/none" tick=302
S 04:15:22 #304 ses=InGame mode=World ui=npcmenu+inventory+right-panel cur=- hold=- held=- gate=- phase=- hp=129 mp=248 pos=5084,5034 en=0
time=2026-09-24T04:15:22.703+03:00 level=WARN msg=PATHOLOGY kind=thrash detail="6 handovers/30s among 3 holders" cooling=fence for=8s
S 04:15:23 #310 ses=InGame mode=World ui=npcmenu+inventory+right-panel cur=- hold=- held=- gate=- phase=- hp=129 mp=248 pos=5084,5034 en=0
S 04:15:24 #315 ses=InGame mode=World ui=npcmenu+inventory+right-panel cur=- hold=- held=- gate=- phase=- hp=129 mp=248 pos=5084,5034 en=0
S 04:15:25 #320 ses=InGame mode=World ui=npcmenu+inventory+right-panel cur=- hold=- held=- gate=- phase=- hp=129 mp=248 pos=5084,5034 en=0
time=2026-09-24T04:15:26.038+03:00 level=INFO msg="status: idle" pos=(5084,5034) area=40 hp=129 lvl=26
S 04:15:26 #325 ses=InGame mode=World ui=npcmenu+inventory+right-panel cur=- hold=- held=- gate=- phase=- hp=129 mp=248 pos=5084,5034 en=0
S 04:15:27 #330 ses=InGame mode=World ui=npcmenu+inventory+right-panel cur=- hold=- held=- gate=- phase=- hp=129 mp=248 pos=5084,5034 en=0
S 04:15:28 #335 ses=InGame mode=World ui=npcmenu+inventory+right-panel cur=- hold=- held=- gate=- phase=- hp=129 mp=248 pos=5084,5034 en=0
S 04:15:29 #340 ses=InGame mode=World ui=npcmenu+inventory+right-panel cur=- hold=- held=- gate=- phase=- hp=129 mp=248 pos=5084,5034 en=0
S 04:15:30 #345 ses=InGame mode=World ui=npcmenu+inventory+right-panel cur=- hold=- held=- gate=- phase=- hp=129 mp=248 pos=5084,5034 en=0
time=2026-09-24T04:15:31.078+03:00 level=INFO msg="status: idle" pos=(5084,5034) area=40 hp=129 lvl=26
S 04:15:31 #350 ses=InGame mode=World ui=npcmenu+inventory+right-panel cur=- hold=- held=- gate=- phase=- hp=129 mp=248 pos=5084,5034 en=0
S 04:15:33 #355 ses=InGame mode=World ui=npcmenu+inventory+right-panel cur=- hold=- held=- gate=- phase=- hp=129 mp=248 pos=5084,5034 en=0
time=2026-09-24T04:15:33.975+03:00 level=WARN msg="idle breaker: services cooled 90s — the march reclaims the wheel"
S 04:15:34 #360 ses=InGame mode=World ui=npcmenu+inventory+right-panel cur=- hold=- held=- gate=- phase=- hp=129 mp=248 pos=5084,5034 en=0
T L=grant from=- to=advance why="fresh: no holder" tick=360
time=2026-09-24T04:15:34.178+03:00 level=INFO msg=grant from="" to=advance class=travel urgency=0.45 why="fresh: no holder"
time=2026-09-24T04:15:34.181+03:00 level=INFO msg=outcome verb=intent holder=advance tgt="" result=done ev="commit adopt leg 6 (56) from 40"
T L=nav act=advance from=noplan to=following why="route 4 legs 55 tiles (5084,5034)->(5069,5084)" tick=360
time=2026-09-24T04:15:34.443+03:00 level=INFO msg="screen: capture cost (Screenshot+Observe)" p50=29.3ms p99=38.9ms max=42ms n=142 perSec=2.4
time=2026-09-24T04:15:34.906+03:00 level=INFO msg=outcome verb=stride holder=advance tgt=(5084,5036) result=blocked ev="from=(5088,5035) to=(5088,5035) gain=0"
S 04:15:35 #364 ses=InGame mode=World ui=npcmenu+inventory+right-panel cur=- hold=advance held=1.0s gate=- phase=- hp=129 mp=248 pos=5086,5031 en=0
S 04:15:36 #368 ses=InGame mode=World ui=npcmenu+inventory+right-panel cur=- hold=advance held=2.1s gate=- phase=- hp=129 mp=248 pos=5088,5035 en=0
time=2026-09-24T04:15:36.718+03:00 level=INFO msg=outcome verb=stride holder=advance tgt=(5084,5036) result=blocked ev="from=(5086,5033) to=(5086,5033) gain=0"
time=2026-09-24T04:15:36.726+03:00 level=INFO msg=outcome verb=nav holder=advance tgt=(5069,5084) result=blocked ev="nav: following -> stuck (no progress 2.5s at (5086,5033))"
T L=nav act=advance from=following to=stuck why="no progress 2.5s at (5086,5033)" tick=370
T L=nav act=advance from=stuck to=escaping why="escape 1/4 to (5094,5033) clr=8 hold=300ms" tick=370
time=2026-09-24T04:15:37.192+03:00 level=INFO msg=outcome verb=stride holder=advance/escape tgt=(5094,5033) result=blocked ev="from=(5086,5033) to=(5086,5033) gain=0"
T L=nav act=advance from=escaping to=noplan why="escape stride done at (5086,5033)" tick=371
T L=nav act=advance from=noplan to=following why="route 6 legs 59 tiles (5086,5033)->(5069,5084)" tick=371
S 04:15:37 #372 ses=InGame mode=World ui=npcmenu+inventory+right-panel cur=- hold=advance held=3.3s gate=- phase=- hp=129 mp=248 pos=5088,5033 en=0
S 04:15:38 #375 ses=InGame mode=World ui=npcmenu+inventory+right-panel cur=- hold=advance held=4.4s gate=- phase=- hp=129 mp=248 pos=5088,5043 en=0
S 04:15:39 #378 ses=InGame mode=World ui=npcmenu+inventory+right-panel cur=- hold=advance held=5.5s gate=- phase=- hp=129 mp=248 pos=5082,5051 en=0
S 04:15:41 #381 ses=InGame mode=World ui=npcmenu+inventory+right-panel cur=- hold=advance held=6.8s gate=- phase=- hp=129 mp=248 pos=5075,5064 en=0
time=2026-09-24T04:15:41.367+03:00 level=INFO msg=status pos=(5075,5064) area=40 hp=129 mp=248 maxmana=35 lvl=26 gold=83665 weapon=melee arrows=-1 holder=advance
T L=ui from=world+npcmenu+inventory+right-panel to=world+npcmenu+shop+inventory why="vendor empty grid; right-panel gone" tick=383 hold=advance
time=2026-09-24T04:15:42.153+03:00 level=INFO msg="executive: game unfocused — playing on (posted input, your windows untouched)"
S 04:15:42 #385 ses=InGame mode=World ui=npcmenu+shop+inventory cur=- hold=advance held=8.0s gate=- phase=- hp=129 mp=248 pos=5073,5079 en=0
time=2026-09-24T04:15:52.326+03:00 level=INFO msg="sentinel: game refocused — modifier amnesty fired"
time=2026-09-24T04:16:00.631+03:00 level=INFO msg=status pos=(5073,5079) area=40 hp=129 mp=248 maxmana=35 lvl=26 gold=83665 weapon=melee arrows=-1 holder=advance
time=2026-09-24T04:16:00.632+03:00 level=INFO msg="executive: game refocused"
T L=ui from=world+npcmenu+shop+inventory to=world+npcmenu+inventory why="shop gone" tick=386 hold=advance
S 04:16:00 #386 ses=InGame mode=World ui=npcmenu+inventory cur=- hold=advance held=26.5s gate=- phase=- hp=129 mp=248 pos=5498,4698 en=391
time=2026-09-24T04:16:00.702+03:00 level=INFO msg="executive: grid re-aligned" area=42
T L=nav act=advance from=noplan to=following why="route 1 legs 14 tiles (5498,4698)->(5512,4698)" tick=389
time=2026-09-24T04:16:01.335+03:00 level=INFO msg=outcome verb=stride holder=advance tgt=(5512,4698) result=blocked ev="from=(5498,4698) to=(5498,4698) gain=0"
time=2026-09-24T04:16:01.890+03:00 level=INFO msg=outcome verb=stride holder=advance tgt=(5512,4698) result=blocked ev="from=(5498,4698) to=(5498,4698) gain=0"
S 04:16:01 #391 ses=InGame mode=World ui=npcmenu+inventory cur=- hold=advance held=27.7s gate=- phase=- hp=129 mp=248 pos=5498,4698 en=391
time=2026-09-24T04:16:02.377+03:00 level=INFO msg=outcome verb=stride holder=advance tgt=(5512,4698) result=blocked ev="from=(5498,4698) to=(5498,4698) gain=0"
time=2026-09-24T04:16:02.906+03:00 level=INFO msg=outcome verb=stride holder=advance tgt=(5512,4698) result=blocked ev="from=(5498,4698) to=(5498,4698) gain=0"
S 04:16:02 #393 ses=InGame mode=World ui=npcmenu+inventory cur=- hold=advance held=28.7s gate=- phase=- hp=129 mp=248 pos=5498,4698 en=391
time=2026-09-24T04:16:03.407+03:00 level=INFO msg=outcome verb=stride holder=advance tgt=(5512,4698) result=blocked ev="from=(5498,4698) to=(5498,4698) gain=0"
time=2026-09-24T04:16:03.451+03:00 level=INFO msg=outcome verb=nav holder=advance tgt=(5512,4698) result=blocked ev="nav: following -> stuck (no progress 2.6s at (5498,4698))"
T L=nav act=advance from=following to=stuck why="no progress 2.6s at (5498,4698)" tick=394
T L=nav act=advance from=stuck to=escaping why="escape 1/4 to (5498,4706) clr=14 hold=300ms" tick=394
S 04:16:03 #395 ses=InGame mode=World ui=npcmenu+inventory cur=- hold=advance held=29.8s gate=- phase=- hp=129 mp=248 pos=5502,4703 en=391
T L=nav act=advance from=escaping to=noplan why="escape stride done at (5503,4704)" tick=395
T L=nav act=advance from=noplan to=following why="route 1 legs 11 tiles (5503,4704)->(5512,4698)" tick=395
T L=nav act=advance from=noplan to=following why="route 1 legs 14 tiles (5508,4710)->(5522,4710)" tick=396
time=2026-09-24T04:16:04.985+03:00 level=INFO msg=outcome verb=stride holder=advance tgt=(5522,4710) result=blocked ev="from=(5508,4710) to=(5508,4710) gain=0"
S 04:16:04 #397 ses=InGame mode=World ui=npcmenu+inventory cur=- hold=advance held=30.8s gate=- phase=- hp=129 mp=248 pos=5508,4710 en=391
time=2026-09-24T04:16:05.466+03:00 level=INFO msg=outcome verb=stride holder=advance tgt=(5522,4710) result=blocked ev="from=(5508,4710) to=(5508,4710) gain=0"
time=2026-09-24T04:16:06.016+03:00 level=INFO msg=outcome verb=stride holder=advance tgt=(5522,4710) result=blocked ev="from=(5508,4710) to=(5508,4710) gain=0"
S 04:16:06 #399 ses=InGame mode=World ui=npcmenu+inventory cur=- hold=advance held=31.8s gate=- phase=- hp=129 mp=248 pos=5508,4710 en=391
time=2026-09-24T04:16:06.026+03:00 level=INFO msg=verdict activity=advance verdict=done
T L=grant from=advance to=- why="end: done/completed" tick=399
T L=grant from=advance to=advance why="fresh: advance done/completed" tick=400
time=2026-09-24T04:16:06.098+03:00 level=INFO msg=grant from=advance to=advance class=travel urgency=0.40 why="fresh: advance done/completed"
S 04:16:07 #401 ses=InGame mode=World ui=npcmenu+inventory cur=- hold=advance held=1.8s gate=- phase=- hp=129 mp=248 pos=5535,4713 en=324
T L=grant from=advance to=fight why="preempt: fight > travel" tick=401
time=2026-09-24T04:16:07.919+03:00 level=INFO msg=grant from=advance to=fight class=fight urgency=0.98 why="preempt: fight > travel"
S 04:16:08 #418 ses=InGame mode=World ui=npcmenu+inventory cur=- hold=fight held=1.0s gate=- phase=- hp=126 mp=248 pos=5539,4710 en=324
S 04:16:09 #439 ses=InGame mode=World ui=npcmenu+inventory cur=- hold=fight held=2.0s gate=- phase=- hp=123 mp=248 pos=5538,4699 en=324
time=2026-09-24T04:16:10.673+03:00 level=INFO msg=status pos=(5538,4697) area=42 hp=126 mp=248 maxmana=35 lvl=26 gold=83665 weapon=melee arrows=-1 holder=fight
S 04:16:10 #459 ses=InGame mode=World ui=npcmenu+inventory cur=- hold=fight held=3.0s gate=- phase=- hp=126 mp=248 pos=5538,4694 en=323
T L=ui from=world+npcmenu+inventory to=world+npcmenu+shop+inventory why="vendor red X" tick=461 hold=fight
T L=ui from=world+npcmenu+shop+inventory to=world+npcmenu+inventory why="shop gone" tick=467 hold=fight
S 04:16:12 #479 ses=InGame mode=World ui=npcmenu+inventory cur=- hold=fight held=4.1s gate=- phase=- hp=118 mp=248 pos=5540,4692 en=323
S 04:16:13 #498 ses=InGame mode=World ui=npcmenu+inventory cur=- hold=fight held=5.1s gate=- phase=- hp=120 mp=248 pos=5542,4688 en=323
S 04:16:14 #519 ses=InGame mode=World ui=npcmenu+inventory cur=- hold=fight held=6.2s gate=- phase=- hp=122 mp=248 pos=5547,4685 en=323
S 04:16:15 #538 ses=InGame mode=World ui=npcmenu+inventory cur=- hold=fight held=7.2s gate=- phase=- hp=122 mp=245 pos=5551,4678 en=476
S 04:16:16 #558 ses=InGame mode=World ui=npcmenu+inventory cur=- hold=fight held=8.3s gate=- phase=- hp=122 mp=245 pos=5551,4675 en=475
S 04:16:17 #578 ses=InGame mode=World ui=npcmenu+inventory cur=- hold=fight held=9.3s gate=- phase=- hp=122 mp=245 pos=5549,4673 en=472
S 04:16:18 #599 ses=InGame mode=World ui=npcmenu+inventory cur=- hold=fight held=10.3s gate=- phase=- hp=122 mp=245 pos=5549,4673 en=469
S 04:16:19 #618 ses=InGame mode=World ui=npcmenu+inventory cur=- hold=fight held=11.4s gate=- phase=- hp=124 mp=245 pos=5549,4673 en=456
T L=grant from=fight to=stand why="preempt: survive > fight" tick=625
time=2026-09-24T04:16:19.625+03:00 level=INFO msg=grant from=fight to=stand class=survive urgency=1.50 why="preempt: survive > fight"
S 04:16:20 #635 ses=InGame mode=World ui=npcmenu+inventory cur=- hold=stand held=0.9s gate=- phase=- hp=125 mp=245 pos=5549,4673 en=448
time=2026-09-24T04:16:20.702+03:00 level=INFO msg=status pos=(5549,4673) area=42 hp=125 mp=245 maxmana=35 lvl=26 gold=83665 weapon=melee arrows=-1 holder=stand
S 04:16:21 #653 ses=InGame mode=World ui=npcmenu+inventory cur=- hold=stand held=2.1s gate=- phase=- hp=129 mp=245 pos=5549,4673 en=441
S 04:16:23 #671 ses=InGame mode=World ui=npcmenu+inventory cur=- hold=stand held=3.4s gate=- phase=- hp=128 mp=245 pos=5549,4673 en=435
S 04:16:24 #689 ses=InGame mode=World ui=npcmenu+inventory cur=- hold=stand held=4.6s gate=- phase=- hp=129 mp=245 pos=5549,4673 en=434
S 04:16:25 #708 ses=InGame mode=World ui=npcmenu+inventory cur=- hold=stand held=5.9s gate=- phase=- hp=129 mp=242 pos=5549,4673 en=430
S 04:16:26 #726 ses=InGame mode=World ui=npcmenu+inventory cur=- hold=stand held=7.1s gate=- phase=- hp=129 mp=245 pos=5549,4673 en=428
S 04:16:27 #744 ses=InGame mode=World ui=npcmenu+inventory cur=- hold=stand held=8.1s gate=- phase=- hp=129 mp=245 pos=5549,4673 en=424
S 04:16:28 #757 ses=InGame mode=World ui=npcmenu+inventory cur=- hold=stand held=9.2s gate=- phase=- hp=129 mp=217 pos=5548,4674 en=421
T L=grant from=stand to=fight why="released: stand stopped bidding" tick=760
time=2026-09-24T04:16:28.917+03:00 level=INFO msg=grant from=stand to=fight class=fight urgency=0.98 why="released: stand stopped bidding"
time=2026-09-24T04:16:30.764+03:00 level=INFO msg=outcome verb=hoverstrike holder=fight tgt="unit=3588" result=whiff ev="no hover confirmation on target (aim=669,403 dTile=-1,4 seen=[3589/t1 3589/t1 3589/t1 3589/t1 3589/t1 3589/t1 3589/t1 3589/t1 3589/t1 3589/t1])"
time=2026-09-24T04:16:30.993+03:00 level=INFO msg=status pos=(5542,4676) area=42 hp=129 mp=220 maxmana=35 lvl=26 gold=83665 weapon=melee arrows=-1 holder=fight
S 04:16:31 #766 ses=InGame mode=World ui=npcmenu+inventory cur=- hold=fight held=13.8s gate=- phase=- hp=129 mp=220 pos=5542,4676 en=407
S 04:16:32 #786 ses=InGame mode=World ui=npcmenu+inventory cur=- hold=fight held=14.8s gate=- phase=- hp=129 mp=248 pos=5541,4680 en=242
S 04:16:33 #805 ses=InGame mode=World ui=npcmenu+inventory cur=- hold=fight held=15.8s gate=- phase=- hp=129 mp=220 pos=5539,4684 en=241
S 04:16:34 #822 ses=InGame mode=World ui=npcmenu+inventory cur=- hold=fight held=16.9s gate=- phase=- hp=129 mp=220 pos=5538,4688 en=228
time=2026-09-24T04:16:34.431+03:00 level=INFO msg="screen: capture cost (Screenshot+Observe)" p50=35.6ms p99=52.8ms max=59.8ms n=175 perSec=2.9
S 04:16:35 #840 ses=InGame mode=World ui=npcmenu+inventory cur=- hold=fight held=17.9s gate=- phase=- hp=129 mp=220 pos=5540,4689 en=214
S 04:16:36 #859 ses=InGame mode=World ui=npcmenu+inventory cur=- hold=fight held=18.9s gate=- phase=- hp=129 mp=248 pos=5542,4688 en=205
S 04:16:37 #879 ses=InGame mode=World ui=npcmenu+inventory cur=- hold=fight held=20.0s gate=- phase=- hp=129 mp=220 pos=5544,4684 en=203
S 04:16:38 #892 ses=InGame mode=World ui=npcmenu+inventory cur=- hold=fight held=21.1s gate=- phase=- hp=129 mp=248 pos=5541,4678 en=349
S 04:16:39 #910 ses=InGame mode=World ui=npcmenu+inventory cur=- hold=fight held=22.1s gate=- phase=- hp=126 mp=220 pos=5537,4682 en=191
T L=ui from=world+npcmenu+inventory to=world+npcmenu+shop+inventory why="vendor empty grid" tick=913 hold=fight
S 04:16:40 #929 ses=InGame mode=World ui=npcmenu+shop+inventory cur=- hold=fight held=23.3s gate=- phase=- hp=129 mp=248 pos=5534,4679 en=338
time=2026-09-24T04:16:42.389+03:00 level=INFO msg=outcome verb=hoverstrike holder=fight tgt="unit=4004" result=whiff ev="no hover confirmation on target (aim=768,433 dTile=4,5 seen=[836/t4 - - - - - - - - -])"
time=2026-09-24T04:16:42.646+03:00 level=INFO msg=status pos=(5534,4679) area=42 hp=129 mp=220 maxmana=35 lvl=26 gold=83665 weapon=melee arrows=-1 holder=fight
S 04:16:42 #931 ses=InGame mode=World ui=npcmenu+shop+inventory cur=- hold=fight held=25.4s gate=- phase=- hp=129 mp=220 pos=5535,4681 en=175
T L=grant from=fight to=stand why="preempt: survive > fight" tick=931
time=2026-09-24T04:16:42.684+03:00 level=INFO msg=grant from=fight to=stand class=survive urgency=1.50 why="preempt: survive > fight"
T L=grant from=stand to=fight why="released: stand stopped bidding" tick=932
time=2026-09-24T04:16:42.985+03:00 level=INFO msg=grant from=stand to=fight class=fight urgency=0.98 why="released: stand stopped bidding"
T L=grant from=fight to=stand why="preempt: survive > fight" tick=945
time=2026-09-24T04:16:43.650+03:00 level=INFO msg=grant from=fight to=stand class=survive urgency=1.50 why="preempt: survive > fight"
S 04:16:43 #946 ses=InGame mode=World ui=npcmenu+shop+inventory cur=- hold=stand held=0.3s gate=- phase=- hp=129 mp=217 pos=5533,4681 en=172
T L=grant from=stand to=fight why="released: stand stopped bidding" tick=956
time=2026-09-24T04:16:44.520+03:00 level=INFO msg=grant from=stand to=fight class=fight urgency=0.88 why="released: stand stopped bidding"
S 04:16:44 #957 ses=InGame mode=World ui=npcmenu+shop+inventory cur=- hold=fight held=26.5s gate=- phase=- hp=128 mp=220 pos=5534,4684 en=170
T L=ui from=world+npcmenu+shop+inventory to=world+npcmenu+inventory why="shop gone" tick=969 hold=fight
S 04:16:45 #973 ses=InGame mode=World ui=npcmenu+inventory cur=- hold=fight held=27.6s gate=- phase=- hp=129 mp=220 pos=5535,4685 en=160
time=2026-09-24T04:16:48.658+03:00 level=INFO msg=outcome verb=hoverstrike holder=fight tgt="unit=3598" result=whiff ev="no hover confirmation on target (aim=749,463 dTile=4,5 seen=[864/t4 864/t4 863/t4 864/t4 864/t4 3651/t1 864/t4 864/t4 863/t4 864/t4])"
S 04:16:49 #989 ses=InGame mode=World ui=npcmenu+inventory cur=- hold=fight held=30.6s gate=- phase=- hp=124 mp=220 pos=5533,4684 en=155
T L=grant from=fight to=stand why="preempt: survive > fight" tick=989
time=2026-09-24T04:16:49.041+03:00 level=WARN msg=PATHOLOGY kind=thrash detail="7 handovers/30s among 2 holders" cooling=stand for=8s
T L=grant from=stand to=- why="end: abandoned/judged: watchdog thrash; cool stand 8s" tick=989
T L=grant from=stand to=stand why="fresh: stand abandoned/judged: watchdog thrash; cool stand 8s" tick=990
time=2026-09-24T04:16:49.056+03:00 level=INFO msg=grant from=stand to=stand class=survive urgency=1.50 why="fresh: stand abandoned/judged: watchdog thrash; cool stand 8s"
T L=ui from=world+npcmenu+inventory to=world+npcmenu+shop+inventory why="vendor empty grid" tick=991 hold=stand
S 04:16:50 #1002 ses=InGame mode=World ui=npcmenu+shop+inventory cur=- hold=stand held=1.0s gate=- phase=- hp=124 mp=242 pos=5535,4685 en=149
T L=grant from=stand to=fight why="released: stand stopped bidding" tick=1007
time=2026-09-24T04:16:50.289+03:00 level=INFO msg=grant from=stand to=fight class=fight urgency=0.92 why="released: stand stopped bidding"
S 04:16:51 #1009 ses=InGame mode=World ui=npcmenu+shop+inventory cur=- hold=fight held=31.5s gate=- phase=- hp=129 mp=220 pos=5534,4689 en=148
time=2026-09-24T04:16:53.073+03:00 level=INFO msg=outcome verb=hoverstrike holder=fight tgt="unit=3619" result=whiff ev="no hover confirmation on target (aim=709,325 dTile=-4,-1 seen=[- - - - - - - - - -])"
time=2026-09-24T04:16:53.325+03:00 level=INFO msg=status pos=(5533,4691) area=42 hp=129 mp=220 maxmana=35 lvl=26 gold=83665 weapon=melee arrows=-1 holder=fight
S 04:16:53 #1019 ses=InGame mode=World ui=npcmenu+shop+inventory cur=- hold=fight held=33.7s gate=- phase=- hp=129 mp=220 pos=5533,4691 en=145
time=2026-09-24T04:16:54.873+03:00 level=INFO msg=outcome verb=hoverstrike holder=fight tgt="unit=3617" result=whiff ev="no hover confirmation on target (aim=1005,492 dTile=6,-4 seen=[864/t4 3959/t1 3959/t1 3959/t1 3959/t1 3959/t1 3959/t1 3959/t1 3654/t1 3603/t1])"
S 04:16:55 #1020 ses=InGame mode=World ui=npcmenu+shop+inventory cur=- hold=fight held=35.5s gate=- phase=- hp=129 mp=220 pos=5526,4687 en=144
time=2026-09-24T04:16:55.086+03:00 level=WARN msg=PATHOLOGY kind=thrash detail="7 handovers/30s among 2 holders" cooling=fight for=8s
T L=grant from=fight to=- why="end: abandoned/judged: watchdog thrash; cool fight 8s" tick=1020
T L=grant from=fight to=advance why="fresh: fight abandoned/judged: watchdog thrash; cool fight 8s" tick=1021
time=2026-09-24T04:16:55.173+03:00 level=INFO msg=grant from=fight to=advance class=travel urgency=0.40 why="fresh: fight abandoned/judged: watchdog thrash; cool fight 8s"
time=2026-09-24T04:16:55.214+03:00 level=INFO msg=outcome verb=nav holder=march tgt="" result=refused ev="me=(5526,4687) area=42 tgt=(15080,6580) way=(0,0)"
T L=nav act=advance from=noplan to=following why="route 6 legs 295 tiles (5528,4687)->(5797,4757)" tick=1021
time=2026-09-24T04:16:56.468+03:00 level=INFO msg=outcome verb=stride holder=advance tgt=(5549,4687) result=blocked ev="from=(5535,4686) to=(5535,4686) gain=0"
S 04:16:56 #1023 ses=InGame mode=World ui=npcmenu+shop+inventory cur=- hold=advance held=3.2s gate=- phase=- hp=129 mp=248 pos=5535,4686 en=141
T L=ui from=world+npcmenu+shop+inventory to=world+npcmenu+inventory why="shop gone" tick=1025 hold=advance
S 04:16:57 #1025 ses=InGame mode=World ui=npcmenu+inventory cur=- hold=advance held=4.6s gate=- phase=- hp=128 mp=248 pos=5546,4684 en=139
time=2026-09-24T04:16:58.570+03:00 level=INFO msg=outcome verb=nav holder=march tgt="" result=refused ev="me=(5556,4685) area=42 tgt=(15080,6580) way=(0,0)"
S 04:16:59 #1027 ses=InGame mode=World ui=npcmenu+inventory cur=- hold=advance held=5.8s gate=- phase=- hp=129 mp=248 pos=5566,4686 en=111
T L=ui from=world+npcmenu+inventory to=world+npcmenu+shop+inventory why="vendor empty grid" tick=1029 hold=advance
S 04:17:00 #1029 ses=InGame mode=World ui=npcmenu+shop+inventory cur=- hold=advance held=7.0s gate=- phase=- hp=125 mp=248 pos=5583,4684 en=110
time=2026-09-24T04:17:00.314+03:00 level=WARN msg=PATHOLOGY kind=thrash detail="7 handovers/30s among 3 holders" cooling=advance for=8s
time=2026-09-24T04:17:00.314+03:00 level=INFO msg=outcome verb=escalate holder=advance tgt="" result=done ev="rung 0 (replan) for intent.56: watchdog thrash"
T L=grant from=advance to=- why="end: abandoned/judged: watchdog thrash; cool advance 8s" tick=1029
time=2026-09-24T04:17:00.330+03:00 level=INFO msg="status: idle" pos=(5584,4683) area=42 hp=125 lvl=26
T L=grant from=- to=fight why="fresh: no holder" tick=1034
time=2026-09-24T04:17:01.254+03:00 level=INFO msg=grant from="" to=fight class=fight urgency=0.98 why="fresh: no holder"
S 04:17:01 #1035 ses=InGame mode=World ui=npcmenu+shop+inventory cur=- hold=fight held=0.3s gate=- phase=- hp=118 mp=245 pos=5592,4680 en=109
T L=ui from=world+npcmenu+shop+inventory to=world+npcmenu+inventory why="shop gone" tick=1044 hold=fight
S 04:17:02 #1056 ses=InGame mode=World ui=npcmenu+inventory cur=- hold=fight held=1.3s gate=- phase=- hp=116 mp=245 pos=5592,4680 en=110
S 04:17:03 #1076 ses=InGame mode=World ui=npcmenu+inventory cur=- hold=fight held=2.3s gate=- phase=- hp=120 mp=245 pos=5592,4680 en=109
T L=grant from=fight to=stand why="preempt: survive > fight" tick=1091
time=2026-09-24T04:17:04.326+03:00 level=INFO msg=grant from=fight to=stand class=survive urgency=1.50 why="preempt: survive > fight"
S 04:17:04 #1092 ses=InGame mode=World ui=npcmenu+inventory cur=- hold=stand held=0.2s gate=- phase=- hp=121 mp=242 pos=5592,4680 en=104
time=2026-09-24T04:17:05.324+03:00 level=WARN msg=PATHOLOGY kind=thrash detail="9 handovers/30s among 3 holders" cooling=stand for=8s
T L=grant from=stand to=- why="end: abandoned/judged: watchdog thrash; cool stand 8s" tick=1106
T L=grant from=stand to=stand why="fresh: stand abandoned/judged: watchdog thrash; cool stand 8s" tick=1107
time=2026-09-24T04:17:05.394+03:00 level=INFO msg=grant from=stand to=stand class=survive urgency=1.50 why="fresh: stand abandoned/judged: watchdog thrash; cool stand 8s"
S 04:17:05 #1111 ses=InGame mode=World ui=npcmenu+inventory cur=- hold=stand held=0.4s gate=- phase=- hp=125 mp=245 pos=5592,4680 en=101
S 04:17:06 #1130 ses=InGame mode=World ui=npcmenu+inventory cur=- hold=stand held=1.4s gate=- phase=- hp=127 mp=245 pos=5592,4680 en=100
S 04:17:07 #1144 ses=InGame mode=World ui=npcmenu+inventory cur=- hold=stand held=2.4s gate=- phase=- hp=129 mp=245 pos=5592,4680 en=98
S 04:17:08 #1160 ses=InGame mode=World ui=npcmenu+inventory cur=- hold=stand held=3.5s gate=- phase=- hp=129 mp=242 pos=5592,4680 en=98
S 04:17:10 #1179 ses=InGame mode=World ui=npcmenu+inventory cur=- hold=stand held=4.8s gate=- phase=- hp=129 mp=245 pos=5592,4680 en=93
time=2026-09-24T04:17:10.342+03:00 level=WARN msg=PATHOLOGY kind=thrash detail="9 handovers/30s among 3 holders" cooling=stand for=8s
T L=grant from=stand to=- why="end: abandoned/judged: watchdog thrash; cool stand 8s" tick=1184
T L=grant from=stand to=stand why="fresh: stand abandoned/judged: watchdog thrash; cool stand 8s" tick=1185
time=2026-09-24T04:17:10.418+03:00 level=INFO msg=grant from=stand to=stand class=survive urgency=1.50 why="fresh: stand abandoned/judged: watchdog thrash; cool stand 8s"
time=2026-09-24T04:17:10.418+03:00 level=INFO msg=status pos=(5592,4680) area=42 hp=129 mp=245 maxmana=35 lvl=26 gold=84093 weapon=melee arrows=-1 holder=stand
S 04:17:11 #1196 ses=InGame mode=World ui=npcmenu+inventory cur=- hold=stand held=0.8s gate=- phase=- hp=129 mp=245 pos=5592,4680 en=90
T L=grant from=stand to=fight why="released: stand stopped bidding" tick=1208
time=2026-09-24T04:17:11.894+03:00 level=INFO msg=grant from=stand to=fight class=fight urgency=0.98 why="released: stand stopped bidding"
S 04:17:12 #1209 ses=InGame mode=World ui=npcmenu+inventory cur=- hold=fight held=3.4s gate=- phase=- hp=129 mp=220 pos=5596,4682 en=89
S 04:17:13 #1225 ses=InGame mode=World ui=npcmenu+inventory cur=- hold=fight held=4.4s gate=- phase=- hp=129 mp=245 pos=5596,4682 en=80
S 04:17:14 #1235 ses=InGame mode=World ui=npcmenu+inventory cur=- hold=fight held=5.4s gate=- phase=- hp=129 mp=220 pos=5601,4679 en=79
time=2026-09-24T04:17:15.783+03:00 level=INFO msg=outcome verb=hoverstrike holder=fight tgt="unit=4223" result=whiff ev="no hover confirmation on target (aim=590,383 dTile=-4,5 seen=[888/t4 4012/t1 886/t4 3970/t1 4012/t1 4012/t1 4012/t1 3995/t1 4252/t1 3995/t1])"
S 04:17:16 #1242 ses=InGame mode=World ui=npcmenu+inventory cur=- hold=fight held=7.2s gate=- phase=- hp=127 mp=220 pos=5601,4679 en=280
time=2026-09-24T04:17:16.095+03:00 level=WARN msg=PATHOLOGY kind=thrash detail="6 handovers/30s among 3 holders" cooling=fight for=8s
T L=grant from=fight to=- why="end: abandoned/judged: watchdog thrash; cool fight 8s" tick=1242
T L=grant from=fight to=advance why="fresh: fight abandoned/judged: watchdog thrash; cool fight 8s" tick=1243
time=2026-09-24T04:17:16.138+03:00 level=INFO msg=grant from=fight to=advance class=travel urgency=0.40 why="fresh: fight abandoned/judged: watchdog thrash; cool fight 8s"
time=2026-09-24T04:17:16.159+03:00 level=INFO msg=outcome verb=nav holder=march tgt="" result=refused ev="me=(5601,4679) area=42 tgt=(15080,6580) way=(0,0)"
time=2026-09-24T04:17:16.818+03:00 level=INFO msg=outcome verb=stride holder=advance tgt=(5583,4687) result=blocked ev="from=(5592,4678) to=(5592,4678) gain=0"
S 04:17:17 #1246 ses=InGame mode=World ui=npcmenu+inventory cur=- hold=advance held=1.0s gate=- phase=- hp=129 mp=248 pos=5592,4681 en=62
T L=ui from=world+npcmenu+inventory to=world+npcmenu+shop+inventory why="vendor empty grid" tick=1249 hold=advance
S 04:17:18 #1249 ses=InGame mode=World ui=npcmenu+shop+inventory cur=- hold=advance held=2.5s gate=- phase=- hp=129 mp=248 pos=5611,4688 en=190
T L=grant from=advance to=imbibe why="preempt: loot > travel" tick=1250
time=2026-09-24T04:17:19.062+03:00 level=INFO msg=grant from=advance to=imbibe class=loot urgency=0.45 why="preempt: loot > travel"
time=2026-09-24T04:17:20.467+03:00 level=INFO msg=status pos=(5618,4687) area=42 hp=129 mp=248 maxmana=35 lvl=26 gold=84093 weapon=melee arrows=-1 holder=imbibe
S 04:17:20 #1251 ses=InGame mode=World ui=npcmenu+shop+inventory cur=- hold=imbibe held=1.4s gate=- phase=- hp=127 mp=248 pos=5604,4693 en=191
T L=grant from=imbibe to=advance why="released: imbibe stopped bidding" tick=1251
time=2026-09-24T04:17:20.544+03:00 level=INFO msg=grant from=imbibe to=advance class=travel urgency=0.40 why="released: imbibe stopped bidding"
time=2026-09-24T04:17:20.564+03:00 level=INFO msg=outcome verb=nav holder=march tgt="" result=refused ev="me=(5604,4693) area=42 tgt=(15080,6580) way=(0,0)"
time=2026-09-24T04:17:21.515+03:00 level=INFO msg=outcome verb=nav holder=advance tgt=(5797,4757) result=blocked ev="nav: following -> stuck (no progress 2.8s at (5611,4687))"
T L=nav act=advance from=following to=stuck why="no progress 2.8s at (5611,4687)" tick=1253
T L=nav act=advance from=stuck to=escaping why="escape 1/4 to (5611,4682) clr=9 hold=300ms" tick=1253
S 04:17:21 #1254 ses=InGame mode=World ui=npcmenu+shop+inventory cur=- hold=advance held=4.3s gate=- phase=- hp=125 mp=248 pos=5613,4683 en=188
T L=nav act=advance from=escaping to=noplan why="escape stride done at (5613,4682)" tick=1254
T L=nav act=advance from=noplan to=following why="route 4 legs 211 tiles (5613,4682)->(5797,4757)" tick=1254
S 04:17:22 #1256 ses=InGame mode=World ui=npcmenu+shop+inventory cur=- hold=advance held=5.4s gate=- phase=- hp=123 mp=248 pos=5626,4687 en=188
time=2026-09-24T04:17:23.970+03:00 level=INFO msg=outcome verb=nav holder=march tgt="" result=refused ev="me=(5638,4696) area=42 tgt=(15080,6580) way=(0,0)"
S 04:17:24 #1259 ses=InGame mode=World ui=npcmenu+shop+inventory cur=- hold=advance held=6.6s gate=- phase=- hp=124 mp=248 pos=5641,4700 en=188
T L=grant from=advance to=fight why="preempt: fight > travel" tick=1259
time=2026-09-24T04:17:24.251+03:00 level=INFO msg=grant from=advance to=fight class=fight urgency=0.98 why="preempt: fight > travel"
S 04:17:25 #1276 ses=InGame mode=World ui=npcmenu+shop+inventory cur=- hold=fight held=1.0s gate=- phase=- hp=125 mp=242 pos=5643,4700 en=355
S 04:17:26 #1298 ses=InGame mode=World ui=npcmenu+shop+inventory cur=- hold=fight held=2.0s gate=- phase=- hp=129 mp=245 pos=5643,4700 en=355
time=2026-09-24T04:17:28.595+03:00 level=INFO msg=outcome verb=hoverstrike holder=fight tgt="unit=4262" result=whiff ev="no hover confirmation on target (aim=689,335 dTile=-4,0 seen=[4335/t1 4335/t1 - 4335/t1 4335/t1 918/t4 918/t4 918/t4 918/t4 918/t4])"
S 04:17:28 #1316 ses=InGame mode=World ui=npcmenu+shop+inventory cur=- hold=fight held=4.6s gate=- phase=- hp=129 mp=220 pos=5643,4700 en=346
T L=grant from=fight to=stand why="preempt: survive > fight" tick=1316
time=2026-09-24T04:17:28.898+03:00 level=INFO msg=grant from=fight to=stand class=survive urgency=1.50 why="preempt: survive > fight"
T L=grant from=stand to=fight why="released: stand stopped bidding" tick=1317
time=2026-09-24T04:17:29.173+03:00 level=INFO msg=grant from=stand to=fight class=fight urgency=0.98 why="released: stand stopped bidding"
S 04:17:29 #1331 ses=InGame mode=World ui=npcmenu+shop+inventory cur=- hold=fight held=5.4s gate=- phase=- hp=129 mp=248 pos=5636,4697 en=171
time=2026-09-24T04:17:30.492+03:00 level=INFO msg=status pos=(5635,4695) area=42 hp=129 mp=245 maxmana=35 lvl=26 gold=84093 weapon=melee arrows=-1 holder=fight
T L=ui from=world+npcmenu+shop+inventory to=world+npcmenu+inventory why="shop gone" tick=1347 hold=fight
S 04:17:30 #1350 ses=InGame mode=World ui=npcmenu+inventory cur=- hold=fight held=6.4s gate=- phase=- hp=129 mp=242 pos=5635,4695 en=155
T L=ui from=world+npcmenu+inventory to=world+npcmenu+shop+inventory why="vendor empty grid" tick=1353 hold=fight
S 04:17:31 #1370 ses=InGame mode=World ui=npcmenu+shop+inventory cur=- hold=fight held=7.4s gate=- phase=- hp=129 mp=242 pos=5635,4695 en=153
S 04:17:32 #1392 ses=InGame mode=World ui=npcmenu+shop+inventory cur=- hold=fight held=8.5s gate=- phase=- hp=129 mp=245 pos=5635,4695 en=147
T L=grant from=fight to=stand why="preempt: survive > fight" tick=1398
time=2026-09-24T04:17:33.287+03:00 level=INFO msg=grant from=fight to=stand class=survive urgency=1.50 why="preempt: survive > fight"
T L=grant from=stand to=fight why="released: stand stopped bidding" tick=1400
time=2026-09-24T04:17:33.556+03:00 level=INFO msg=grant from=stand to=fight class=fight urgency=0.98 why="released: stand stopped bidding"
T L=grant from=fight to=stand why="preempt: survive > fight" tick=1401
time=2026-09-24T04:17:33.686+03:00 level=INFO msg=grant from=fight to=stand class=survive urgency=1.50 why="preempt: survive > fight"
S 04:17:34 #1406 ses=InGame mode=World ui=npcmenu+shop+inventory cur=- hold=stand held=0.4s gate=- phase=- hp=129 mp=242 pos=5633,4695 en=145
time=2026-09-24T04:17:34.459+03:00 level=INFO msg="screen: capture cost (Screenshot+Observe)" p50=34.1ms p99=43.1ms max=45.3ms n=221 perSec=3.7
T L=grant from=stand to=fight why="released: stand stopped bidding" tick=1416
time=2026-09-24T04:17:34.776+03:00 level=INFO msg=grant from=stand to=fight class=fight urgency=0.98 why="released: stand stopped bidding"
S 04:17:35 #1423 ses=InGame mode=World ui=npcmenu+shop+inventory cur=- hold=fight held=9.2s gate=- phase=- hp=129 mp=245 pos=5632,4695 en=140
T L=grant from=fight to=stand why="preempt: survive > fight" tick=1437
time=2026-09-24T04:17:35.868+03:00 level=INFO msg=grant from=fight to=stand class=survive urgency=1.50 why="preempt: survive > fight"
S 04:17:36 #1438 ses=InGame mode=World ui=npcmenu+shop+inventory cur=- hold=stand held=0.3s gate=- phase=- hp=129 mp=245 pos=5632,4693 en=137
T L=grant from=stand to=fight why="released: stand stopped bidding" tick=1438
time=2026-09-24T04:17:36.165+03:00 level=INFO msg=grant from=stand to=fight class=fight urgency=0.98 why="released: stand stopped bidding"
T L=grant from=fight to=stand why="preempt: survive > fight" tick=1451
time=2026-09-24T04:17:36.860+03:00 level=INFO msg=grant from=fight to=stand class=survive urgency=1.50 why="preempt: survive > fight"
S 04:17:37 #1453 ses=InGame mode=World ui=npcmenu+shop+inventory cur=- hold=stand held=0.3s gate=- phase=- hp=129 mp=245 pos=5632,4693 en=131
T L=grant from=stand to=fight why="released: stand stopped bidding" tick=1462
time=2026-09-24T04:17:37.721+03:00 level=INFO msg=grant from=stand to=fight class=fight urgency=0.98 why="released: stand stopped bidding"
S 04:17:38 #1472 ses=InGame mode=World ui=npcmenu+shop+inventory cur=- hold=fight held=11.2s gate=- phase=- hp=129 mp=245 pos=5631,4691 en=121
S 04:17:39 #1479 ses=InGame mode=World ui=npcmenu+shop+inventory cur=- hold=fight held=12.2s gate=- phase=- hp=128 mp=220 pos=5631,4691 en=118
T L=ui from=world+npcmenu+shop+inventory to=world+npcmenu+inventory why="shop gone" tick=1487 hold=fight
time=2026-09-24T04:17:41.343+03:00 level=INFO msg=outcome verb=hoverstrike holder=fight tgt="unit=4283" result=whiff ev="no hover confirmation on target (aim=787,443 dTile=4,3 seen=[4313/t1 4313/t1 4313/t1 - 4313/t1 4313/t1 3972/t1 3972/t1 3972/t1 -])"
time=2026-09-24T04:17:41.573+03:00 level=INFO msg=status pos=(5633,4686) area=42 hp=129 mp=237 maxmana=35 lvl=26 gold=84093 weapon=melee arrows=-1 holder=fight
S 04:17:41 #1496 ses=InGame mode=World ui=npcmenu+inventory cur=- hold=fight held=14.5s gate=- phase=- hp=129 mp=220 pos=5633,4686 en=110
S 04:17:42 #1515 ses=InGame mode=World ui=npcmenu+inventory cur=- hold=fight held=15.6s gate=- phase=- hp=129 mp=220 pos=5636,4687 en=98
S 04:17:43 #1536 ses=InGame mode=World ui=npcmenu+inventory cur=- hold=fight held=16.7s gate=- phase=- hp=129 mp=220 pos=5640,4685 en=256
S 04:17:44 #1557 ses=InGame mode=World ui=npcmenu+inventory cur=- hold=fight held=17.7s gate=- phase=- hp=129 mp=220 pos=5643,4682 en=252
S 04:17:45 #1577 ses=InGame mode=World ui=npcmenu+inventory cur=- hold=fight held=18.7s gate=- phase=- hp=129 mp=220 pos=5643,4677 en=427
time=2026-09-24T04:17:47.685+03:00 level=INFO msg=outcome verb=hoverstrike holder=fight tgt="unit=4396" result=whiff ev="no hover confirmation on target (aim=768,433 dTile=4,4 seen=[- - - - - - - - - -])"
S 04:17:47 #1581 ses=InGame mode=World ui=npcmenu+inventory cur=- hold=fight held=20.9s gate=- phase=- hp=129 mp=220 pos=5644,4678 en=420
T L=ui from=world+npcmenu+inventory to=world+npcmenu+shop+inventory why="vendor empty grid" tick=1592 hold=fight
S 04:17:48 #1599 ses=InGame mode=World ui=npcmenu+shop+inventory cur=- hold=fight held=21.9s gate=- phase=- hp=126 mp=220 pos=5648,4681 en=239
time=2026-09-24T04:17:51.072+03:00 level=INFO msg=outcome verb=hoverstrike holder=fight tgt="unit=4364" result=whiff ev="no hover confirmation on target (aim=827,285 dTile=-3,-6 seen=[4368/t1 4368/t1 374/t2 374/t2 374/t2 374/t2 374/t2 374/t2 374/t2 374/t2])"
S 04:17:51 #1614 ses=InGame mode=World ui=npcmenu+shop+inventory cur=- hold=fight held=24.3s gate=- phase=- hp=128 mp=220 pos=5648,4677 en=410
time=2026-09-24T04:17:51.611+03:00 level=INFO msg=status pos=(5646,4674) area=42 hp=128 mp=220 maxmana=35 lvl=26 gold=84093 weapon=melee arrows=-1 holder=fight
T L=ui from=world+npcmenu+shop+inventory to=world+npcmenu+inventory why="shop gone" tick=1622 hold=fight
S 04:17:52 #1633 ses=InGame mode=World ui=npcmenu+inventory cur=- hold=fight held=25.3s gate=- phase=- hp=129 mp=220 pos=5643,4669 en=403
time=2026-09-24T04:17:53.010+03:00 level=WARN msg=PATHOLOGY kind=thrash detail="11 handovers/30s among 2 holders" cooling=fight for=8s
T L=grant from=fight to=- why="end: abandoned/judged: watchdog thrash; cool fight 8s" tick=1645
T L=grant from=fight to=advance why="fresh: fight abandoned/judged: watchdog thrash; cool fight 8s" tick=1646
time=2026-09-24T04:17:53.033+03:00 level=INFO msg=grant from=fight to=advance class=travel urgency=0.40 why="fresh: fight abandoned/judged: watchdog thrash; cool fight 8s"
time=2026-09-24T04:17:53.084+03:00 level=INFO msg=outcome verb=nav holder=march tgt="" result=refused ev="me=(5645,4665) area=42 tgt=(15080,6580) way=(0,0)"
T L=nav act=advance from=following to=noplan why="diverged 30.1 tiles off path at (5645,4665)" tick=1646
T L=nav act=advance from=noplan to=following why="route 3 legs 184 tiles (5645,4665)->(5797,4757)" tick=1646
S 04:17:53 #1647 ses=InGame mode=World ui=npcmenu+inventory cur=- hold=advance held=7.3s gate=- phase=- hp=127 mp=248 pos=5649,4669 en=400
S 04:17:54 #1649 ses=InGame mode=World ui=npcmenu+inventory cur=- hold=advance held=8.6s gate=- phase=- hp=125 mp=248 pos=5660,4682 en=226
T L=ui from=world+npcmenu+inventory to=world+npcmenu+shop+inventory why="vendor empty grid" tick=1651 hold=advance
S 04:17:56 #1651 ses=InGame mode=World ui=npcmenu+shop+inventory cur=- hold=advance held=9.8s gate=- phase=- hp=119 mp=248 pos=5673,4685 en=226
time=2026-09-24T04:17:56.197+03:00 level=INFO msg=outcome verb=nav holder=march tgt="" result=refused ev="me=(5673,4685) area=42 tgt=(15080,6580) way=(0,0)"
S 04:17:57 #1653 ses=InGame mode=World ui=npcmenu+shop+inventory cur=- hold=advance held=10.9s gate=- phase=- hp=120 mp=248 pos=5683,4690 en=410
T L=nav act=advance from=following to=noplan why="diverged 12.0 tiles off path at (5686,4689)" tick=1654
T L=nav act=advance from=noplan to=following why="route 2 legs 138 tiles (5686,4689)->(5797,4757)" tick=1654
time=2026-09-24T04:17:58.242+03:00 level=WARN msg=PATHOLOGY kind=thrash detail="11 handovers/30s among 3 holders" cooling=advance for=8s
time=2026-09-24T04:17:58.243+03:00 level=INFO msg=outcome verb=escalate holder=advance tgt="" result=done ev="rung 1 (alternate) for intent.56: watchdog thrash"
T L=grant from=advance to=- why="end: abandoned/judged: watchdog thrash; cool advance 8s" tick=1655
time=2026-09-24T04:17:58.267+03:00 level=INFO msg="status: idle" pos=(5693,4692) area=42 hp=109 lvl=26
S 04:17:58 #1657 ses=InGame mode=World ui=npcmenu+shop+inventory cur=- hold=- held=- gate=- phase=- hp=108 mp=248 pos=5696,4695 en=407
T L=grant from=- to=fight why="fresh: no holder" tick=1660
time=2026-09-24T04:17:59.196+03:00 level=INFO msg=grant from="" to=fight class=fight urgency=0.98 why="fresh: no holder"
S 04:17:59 #1664 ses=InGame mode=World ui=npcmenu+shop+inventory cur=- hold=fight held=0.4s gate=- phase=- hp=94 mp=245 pos=5696,4695 en=407
T L=ui from=world+npcmenu+shop+inventory to=world+npcmenu+inventory why="shop gone" tick=1669 hold=fight
T L=ui from=world+npcmenu+inventory to=world+npcmenu+shop+inventory why="vendor empty grid" tick=1673 hold=fight
S 04:18:00 #1682 ses=InGame mode=World ui=npcmenu+shop+inventory cur=- hold=fight held=1.4s gate=- phase=- hp=95 mp=242 pos=5696,4695 en=404
T L=ui from=world+npcmenu+shop+inventory to=world+npcmenu+inventory why="shop gone" tick=1691 hold=fight
T L=ui from=world+npcmenu+inventory to=world+npcmenu+shop+inventory why="vendor empty grid" tick=1696 hold=fight
S 04:18:01 #1700 ses=InGame mode=World ui=npcmenu+shop+inventory cur=- hold=fight held=2.5s gate=- phase=- hp=106 mp=248 pos=5696,4695 en=397
T L=grant from=fight to=stand why="preempt: survive > fight" tick=1703
time=2026-09-24T04:18:01.780+03:00 level=INFO msg=grant from=fight to=stand class=survive urgency=1.50 why="preempt: survive > fight"
S 04:18:02 #1712 ses=InGame mode=World ui=npcmenu+shop+inventory cur=- hold=stand held=0.9s gate=- phase=- hp=114 mp=245 pos=5693,4692 en=383
T L=grant from=stand to=fight why="released: stand stopped bidding" tick=1712
time=2026-09-24T04:18:02.682+03:00 level=INFO msg=grant from=stand to=fight class=fight urgency=0.98 why="released: stand stopped bidding"
time=2026-09-24T04:18:03.339+03:00 level=WARN msg=PATHOLOGY kind=thrash detail="11 handovers/30s among 3 holders" cooling=fight for=8s
T L=grant from=fight to=- why="end: abandoned/judged: watchdog thrash; cool fight 8s" tick=1722
time=2026-09-24T04:18:03.352+03:00 level=INFO msg="status: idle" pos=(5693,4692) area=42 hp=118 lvl=26
S 04:18:03 #1725 ses=InGame mode=World ui=npcmenu+shop+inventory cur=- hold=- held=- gate=- phase=- hp=118 mp=245 pos=5693,4692 en=377
T L=grant from=- to=fight why="fresh: no holder" tick=1727
time=2026-09-24T04:18:04.313+03:00 level=INFO msg=grant from="" to=fight class=fight urgency=0.98 why="fresh: no holder"
S 04:18:04 #1737 ses=InGame mode=World ui=npcmenu+shop+inventory cur=- hold=fight held=0.6s gate=- phase=- hp=120 mp=245 pos=5693,4692 en=376
T L=grant from=fight to=stand why="released: fight stopped bidding" tick=1746
time=2026-09-24T04:18:05.382+03:00 level=INFO msg=grant from=fight to=stand class=survive urgency=1.50 why="released: fight stopped bidding"
S 04:18:05 #1753 ses=InGame mode=World ui=npcmenu+shop+inventory cur=- hold=stand held=0.6s gate=- phase=- hp=125 mp=248 pos=5693,4692 en=368
S 04:18:06 #1766 ses=InGame mode=World ui=npcmenu+shop+inventory cur=- hold=stand held=1.6s gate=- phase=- hp=127 mp=245 pos=5693,4692 en=366
S 04:18:08 #1783 ses=InGame mode=World ui=npcmenu+shop+inventory cur=- hold=stand held=2.8s gate=- phase=- hp=129 mp=245 pos=5693,4692 en=352
S 04:18:09 #1801 ses=InGame mode=World ui=npcmenu+shop+inventory cur=- hold=stand held=3.8s gate=- phase=- hp=129 mp=245 pos=5693,4692 en=345
S 04:18:10 #1815 ses=InGame mode=World ui=npcmenu+shop+inventory cur=- hold=stand held=4.8s gate=- phase=- hp=129 mp=220 pos=5693,4691 en=339
T L=grant from=stand to=advance why="released: stand stopped bidding" tick=1818
time=2026-09-24T04:18:10.408+03:00 level=INFO msg=grant from=stand to=advance class=travel urgency=0.40 why="released: stand stopped bidding"
S 04:18:12 #1819 ses=InGame mode=World ui=npcmenu+shop+inventory cur=- hold=advance held=1.9s gate=- phase=- hp=129 mp=248 pos=5693,4685 en=325
T L=grant from=advance to=fight why="preempt: fight > travel" tick=1819
time=2026-09-24T04:18:12.266+03:00 level=INFO msg=grant from=advance to=fight class=fight urgency=0.98 why="preempt: fight > travel"
S 04:18:13 #1835 ses=InGame mode=World ui=npcmenu+shop+inventory cur=- hold=fight held=1.0s gate=- phase=- hp=129 mp=245 pos=5693,4685 en=321
time=2026-09-24T04:18:13.387+03:00 level=WARN msg=PATHOLOGY kind=thrash detail="7 handovers/30s among 3 holders" cooling=fight for=8s
T L=grant from=fight to=- why="end: abandoned/judged: watchdog thrash; cool fight 8s" tick=1836
T L=grant from=fight to=advance why="fresh: fight abandoned/judged: watchdog thrash; cool fight 8s" tick=1837
time=2026-09-24T04:18:13.394+03:00 level=INFO msg=grant from=fight to=advance class=travel urgency=0.40 why="fresh: fight abandoned/judged: watchdog thrash; cool fight 8s"
time=2026-09-24T04:18:15.276+03:00 level=INFO msg=status pos=(5693,4685) area=42 hp=129 mp=245 maxmana=35 lvl=26 gold=84093 weapon=melee arrows=-1 holder=advance
S 04:18:15 #1838 ses=InGame mode=World ui=npcmenu+shop+inventory cur=- hold=advance held=3.8s gate=- phase=- hp=127 mp=248 pos=5695,4686 en=320
T L=grant from=advance to=stand why="preempt: survive > travel" tick=1838
time=2026-09-24T04:18:15.331+03:00 level=INFO msg=grant from=advance to=stand class=survive urgency=1.50 why="preempt: survive > travel"
S 04:18:16 #1851 ses=InGame mode=World ui=npcmenu+shop+inventory cur=- hold=stand held=1.0s gate=- phase=- hp=129 mp=245 pos=5695,4686 en=314
T L=grant from=stand to=advance why="released: stand stopped bidding" tick=1858
time=2026-09-24T04:18:16.974+03:00 level=INFO msg=grant from=stand to=advance class=travel urgency=0.40 why="released: stand stopped bidding"
time=2026-09-24T04:18:18.874+03:00 level=INFO msg=outcome verb=stride holder=advance tgt=(5720,4711) result=blocked ev="from=(5695,4686) to=(5695,4686) gain=0"
S 04:18:18 #1859 ses=InGame mode=World ui=npcmenu+shop+inventory cur=- hold=advance held=5.7s gate=- phase=- hp=129 mp=248 pos=5695,4686 en=308
T L=grant from=advance to=stand why="preempt: survive > travel" tick=1859
time=2026-09-24T04:18:18.967+03:00 level=WARN msg=PATHOLOGY kind=thrash detail="11 handovers/30s among 3 holders" cooling=stand for=8s
T L=grant from=stand to=- why="end: abandoned/judged: watchdog thrash; cool stand 8s" tick=1859
T L=grant from=stand to=stand why="fresh: stand abandoned/judged: watchdog thrash; cool stand 8s" tick=1860
time=2026-09-24T04:18:19.030+03:00 level=INFO msg=grant from=stand to=stand class=survive urgency=1.50 why="fresh: stand abandoned/judged: watchdog thrash; cool stand 8s"
S 04:18:19 #1870 ses=InGame mode=World ui=npcmenu+shop+inventory cur=- hold=stand held=0.9s gate=- phase=- hp=129 mp=242 pos=5695,4686 en=300
T L=grant from=stand to=advance why="released: stand stopped bidding" tick=1879
time=2026-09-24T04:18:20.548+03:00 level=INFO msg=grant from=stand to=advance class=travel urgency=0.40 why="released: stand stopped bidding"
S 04:18:22 #1880 ses=InGame mode=World ui=npcmenu+shop+inventory cur=- hold=advance held=7.6s gate=- phase=- hp=129 mp=248 pos=5695,4680 en=279
T L=grant from=advance to=fight why="preempt: fight > travel" tick=1880
time=2026-09-24T04:18:22.328+03:00 level=INFO msg=grant from=advance to=fight class=fight urgency=0.98 why="preempt: fight > travel"
T L=ui from=world+npcmenu+shop+inventory to=world+npcmenu+inventory why="shop gone" tick=1883 hold=fight
S 04:18:23 #1893 ses=InGame mode=World ui=npcmenu+inventory cur=- hold=fight held=1.0s gate=- phase=- hp=129 mp=248 pos=5695,4680 en=274
time=2026-09-24T04:18:24.025+03:00 level=WARN msg=PATHOLOGY kind=thrash detail="12 handovers/30s among 3 holders" cooling=fight for=8s
T L=grant from=fight to=- why="end: abandoned/judged: watchdog thrash; cool fight 8s" tick=1898
T L=grant from=fight to=advance why="fresh: fight abandoned/judged: watchdog thrash; cool fight 8s" tick=1899
time=2026-09-24T04:18:24.050+03:00 level=INFO msg=grant from=fight to=advance class=travel urgency=0.40 why="fresh: fight abandoned/judged: watchdog thrash; cool fight 8s"
time=2026-09-24T04:18:25.968+03:00 level=INFO msg=status pos=(5695,4680) area=42 hp=129 mp=248 maxmana=35 lvl=26 gold=84093 weapon=melee arrows=-1 holder=advance
S 04:18:26 #1900 ses=InGame mode=World ui=npcmenu+inventory cur=- hold=advance held=9.5s gate=- phase=- hp=123 mp=248 pos=5690,4703 en=271
S 04:18:27 #1901 ses=InGame mode=World ui=npcmenu+inventory cur=- hold=advance held=11.4s gate=- phase=- hp=124 mp=248 pos=5688,4721 en=110
T L=ui from=world+npcmenu+inventory to=world+npcmenu+shop+inventory why="vendor empty grid" tick=1902 hold=advance
S 04:18:29 #1902 ses=InGame mode=World ui=npcmenu+shop+inventory cur=- hold=advance held=13.3s gate=- phase=- hp=126 mp=248 pos=5666,4717 en=110
time=2026-09-24T04:18:29.856+03:00 level=WARN msg=PATHOLOGY kind=thrash detail="12 handovers/30s among 3 holders" cooling=advance for=8s
time=2026-09-24T04:18:29.856+03:00 level=INFO msg=outcome verb=escalate holder=advance tgt="" result=done ev="rung 2 (portal) for intent.56: watchdog thrash"
T L=grant from=advance to=- why="end: abandoned/judged: watchdog thrash; cool advance 8s" tick=1902
T L=grant from=- to=fight why="fresh: no holder" tick=1904
time=2026-09-24T04:18:30.111+03:00 level=INFO msg=grant from="" to=fight class=fight urgency=0.98 why="fresh: no holder"
S 04:18:30 #1906 ses=InGame mode=World ui=npcmenu+shop+inventory cur=- hold=fight held=0.8s gate=- phase=- hp=122 mp=220 pos=5656,4714 en=110
time=2026-09-24T04:18:32.272+03:00 level=INFO msg=outcome verb=hoverstrike holder=fight tgt="unit=4256" result=whiff ev="no hover confirmation on target (aim=650,295 dTile=1,-4 seen=[- - - - - - - - - -])"
S 04:18:32 #1907 ses=InGame mode=World ui=npcmenu+shop+inventory cur=- hold=fight held=2.4s gate=- phase=- hp=126 mp=220 pos=5663,4714 en=108
time=2026-09-24T04:18:34.234+03:00 level=INFO msg=outcome verb=hoverstrike holder=fight tgt="unit=4582" result=whiff ev="no hover confirmation on target (aim=906,562 dTile=9,1 seen=[- - - - - - - - - -])"
time=2026-09-24T04:18:34.479+03:00 level=INFO msg="screen: capture cost (Screenshot+Observe)" p50=35.2ms p99=51.8ms max=54.8ms n=189 perSec=3.1
S 04:18:34 #1909 ses=InGame mode=World ui=npcmenu+shop+inventory cur=- hold=fight held=4.4s gate=- phase=- hp=128 mp=197 pos=5654,4709 en=106
time=2026-09-24T04:18:34.985+03:00 level=WARN msg=PATHOLOGY kind=thrash detail="11 handovers/30s among 3 holders" cooling=fight for=8s
T L=grant from=fight to=- why="end: abandoned/judged: watchdog thrash; cool fight 8s" tick=1919
time=2026-09-24T04:18:35.003+03:00 level=INFO msg="status: idle" pos=(5662,4709) area=42 hp=128 lvl=26
S 04:18:35 #1923 ses=InGame mode=World ui=npcmenu+shop+inventory cur=- hold=- held=- gate=- phase=- hp=129 mp=200 pos=5663,4709 en=105
T L=grant from=- to=fight why="fresh: no holder" tick=1924
time=2026-09-24T04:18:35.950+03:00 level=INFO msg=grant from="" to=fight class=fight urgency=0.82 why="fresh: no holder"
time=2026-09-24T04:18:36.671+03:00 level=INFO msg="azbot done"
time=2026-09-24T04:18:36.703+03:00 level=INFO msg="healed input fn" fn=GetPhysicalCursorPos
time=2026-09-24T04:18:36.703+03:00 level=INFO msg="healed input fn" fn=GetCursorPos
time=2026-09-24T04:18:36.703+03:00 level=INFO msg="healed input fn" fn=GetCursorInfo
time=2026-09-24T04:18:36.703+03:00 level=INFO msg="healed input fn" fn=SetCursorPos
time=2026-09-24T04:18:36.703+03:00 level=INFO msg="healed input fn" fn=GetKeyState
time=2026-09-24T04:18:36.705+03:00 level=INFO msg="healed input fn" fn=GetAsyncKeyState
time=2026-09-24T04:18:36.705+03:00 level=INFO msg="healed input fn" fn=GetKeyboardState
time=2026-09-24T04:18:36.706+03:00 level=INFO msg="healed input fn" fn=TrackMouseEvent
