--- r7a
08:09:50.752 key esc then wait 5s
08:09:55.854 key esc then wait 3s
08:09:58.927 key i then wait 5s
08:10:03.998 key i then wait 3s
08:10:07.067 key c then wait 5s
08:10:12.145 key c then wait 3s
08:10:15.216 key t then wait 5s
08:10:20.293 key t then wait 3s
08:10:23.363 key q then wait 5s
08:10:28.429 key q then wait 3s
08:10:31.509 key tab then wait 5s
08:10:36.578 key tab then wait 3s
08:10:39.644 key o then wait 5s
08:10:44.710 key o then wait 3s
08:10:47.789 key enter then wait 5s
08:10:52.867 key esc then wait 3s
08:10:55.932 key i then wait 0.4s
08:10:55.995 key c then wait 5s
08:11:01.075 key c then wait 0.4s
08:11:01.138 key i then wait 3s
--- r7b
08:11:54.606 key esc then wait 10s
08:12:04.693 key i then wait 10s
08:12:14.760 key c then wait 10s
08:12:24.829 key t then wait 10s
08:12:34.914 key q then wait 10s
08:12:44.987 key enter then wait 10s
